Archive member included to satisfy reference by file (symbol)

c:/st/stm32cubeide_1.6.1/stm32cubeide/plugins/com.st.stm32cube.ide.mcu.externaltools.gnu-tools-for-stm32.9-2020-q2-update.win32_1.5.0.202011040924/tools/bin/../lib/gcc/arm-none-eabi/9.3.1/../../../../arm-none-eabi/lib/thumb/v7e-m+fp/hard\libc_nano.a(lib_a-errno.o)
                              Src/syscalls.o (__errno)
c:/st/stm32cubeide_1.6.1/stm32cubeide/plugins/com.st.stm32cube.ide.mcu.externaltools.gnu-tools-for-stm32.9-2020-q2-update.win32_1.5.0.202011040924/tools/bin/../lib/gcc/arm-none-eabi/9.3.1/../../../../arm-none-eabi/lib/thumb/v7e-m+fp/hard\libc_nano.a(lib_a-exit.o)
                              c:/st/stm32cubeide_1.6.1/stm32cubeide/plugins/com.st.stm32cube.ide.mcu.externaltools.gnu-tools-for-stm32.9-2020-q2-update.win32_1.5.0.202011040924/tools/bin/../lib/gcc/arm-none-eabi/9.3.1/../../../../arm-none-eabi/lib/thumb/v7e-m+fp/hard/crt0.o (exit)
c:/st/stm32cubeide_1.6.1/stm32cubeide/plugins/com.st.stm32cube.ide.mcu.externaltools.gnu-tools-for-stm32.9-2020-q2-update.win32_1.5.0.202011040924/tools/bin/../lib/gcc/arm-none-eabi/9.3.1/../../../../arm-none-eabi/lib/thumb/v7e-m+fp/hard\libc_nano.a(lib_a-impure.o)
                              c:/st/stm32cubeide_1.6.1/stm32cubeide/plugins/com.st.stm32cube.ide.mcu.externaltools.gnu-tools-for-stm32.9-2020-q2-update.win32_1.5.0.202011040924/tools/bin/../lib/gcc/arm-none-eabi/9.3.1/../../../../arm-none-eabi/lib/thumb/v7e-m+fp/hard\libc_nano.a(lib_a-exit.o) (_global_impure_ptr)
c:/st/stm32cubeide_1.6.1/stm32cubeide/plugins/com.st.stm32cube.ide.mcu.externaltools.gnu-tools-for-stm32.9-2020-q2-update.win32_1.5.0.202011040924/tools/bin/../lib/gcc/arm-none-eabi/9.3.1/../../../../arm-none-eabi/lib/thumb/v7e-m+fp/hard\libc_nano.a(lib_a-init.o)
                              c:/st/stm32cubeide_1.6.1/stm32cubeide/plugins/com.st.stm32cube.ide.mcu.externaltools.gnu-tools-for-stm32.9-2020-q2-update.win32_1.5.0.202011040924/tools/bin/../lib/gcc/arm-none-eabi/9.3.1/../../../../arm-none-eabi/lib/thumb/v7e-m+fp/hard/crt0.o (__libc_init_array)
c:/st/stm32cubeide_1.6.1/stm32cubeide/plugins/com.st.stm32cube.ide.mcu.externaltools.gnu-tools-for-stm32.9-2020-q2-update.win32_1.5.0.202011040924/tools/bin/../lib/gcc/arm-none-eabi/9.3.1/../../../../arm-none-eabi/lib/thumb/v7e-m+fp/hard\libc_nano.a(lib_a-memset.o)
                              c:/st/stm32cubeide_1.6.1/stm32cubeide/plugins/com.st.stm32cube.ide.mcu.externaltools.gnu-tools-for-stm32.9-2020-q2-update.win32_1.5.0.202011040924/tools/bin/../lib/gcc/arm-none-eabi/9.3.1/../../../../arm-none-eabi/lib/thumb/v7e-m+fp/hard/crt0.o (memset)
c:/st/stm32cubeide_1.6.1/stm32cubeide/plugins/com.st.stm32cube.ide.mcu.externaltools.gnu-tools-for-stm32.9-2020-q2-update.win32_1.5.0.202011040924/tools/bin/../lib/gcc/arm-none-eabi/9.3.1/../../../../arm-none-eabi/lib/thumb/v7e-m+fp/hard\libc_nano.a(lib_a-sprintf.o)
                              Src/esp82xx_lib.o (sprintf)
c:/st/stm32cubeide_1.6.1/stm32cubeide/plugins/com.st.stm32cube.ide.mcu.externaltools.gnu-tools-for-stm32.9-2020-q2-update.win32_1.5.0.202011040924/tools/bin/../lib/gcc/arm-none-eabi/9.3.1/../../../../arm-none-eabi/lib/thumb/v7e-m+fp/hard\libc_nano.a(lib_a-strcmp.o)
                              Src/esp82xx_lib.o (strcmp)
c:/st/stm32cubeide_1.6.1/stm32cubeide/plugins/com.st.stm32cube.ide.mcu.externaltools.gnu-tools-for-stm32.9-2020-q2-update.win32_1.5.0.202011040924/tools/bin/../lib/gcc/arm-none-eabi/9.3.1/../../../../arm-none-eabi/lib/thumb/v7e-m+fp/hard\libc_nano.a(lib_a-strlen.o)
                              Src/circular_buffer.o (strlen)
c:/st/stm32cubeide_1.6.1/stm32cubeide/plugins/com.st.stm32cube.ide.mcu.externaltools.gnu-tools-for-stm32.9-2020-q2-update.win32_1.5.0.202011040924/tools/bin/../lib/gcc/arm-none-eabi/9.3.1/../../../../arm-none-eabi/lib/thumb/v7e-m+fp/hard\libc_nano.a(lib_a-nano-svfprintf.o)
                              c:/st/stm32cubeide_1.6.1/stm32cubeide/plugins/com.st.stm32cube.ide.mcu.externaltools.gnu-tools-for-stm32.9-2020-q2-update.win32_1.5.0.202011040924/tools/bin/../lib/gcc/arm-none-eabi/9.3.1/../../../../arm-none-eabi/lib/thumb/v7e-m+fp/hard\libc_nano.a(lib_a-sprintf.o) (_svfprintf_r)
c:/st/stm32cubeide_1.6.1/stm32cubeide/plugins/com.st.stm32cube.ide.mcu.externaltools.gnu-tools-for-stm32.9-2020-q2-update.win32_1.5.0.202011040924/tools/bin/../lib/gcc/arm-none-eabi/9.3.1/../../../../arm-none-eabi/lib/thumb/v7e-m+fp/hard\libc_nano.a(lib_a-nano-vfprintf_i.o)
                              c:/st/stm32cubeide_1.6.1/stm32cubeide/plugins/com.st.stm32cube.ide.mcu.externaltools.gnu-tools-for-stm32.9-2020-q2-update.win32_1.5.0.202011040924/tools/bin/../lib/gcc/arm-none-eabi/9.3.1/../../../../arm-none-eabi/lib/thumb/v7e-m+fp/hard\libc_nano.a(lib_a-nano-svfprintf.o) (_printf_i)
[...]
Memory Configuration

Name             Origin             Length             Attributes
RAM              0x0000000020000000 0x0000000000020000 xrw
FLASH            0x0000000008000000 0x0000000000080000 xr
*default*        0x0000000000000000 0xffffffffffffffff

Linker script and memory map

LOAD c:/st/stm32cubeide_1.6.1/stm32cubeide/plugins/com.st.stm32cube.ide.mcu.externaltools.gnu-tools-for-stm32.9-2020-q2-update.win32_1.5.0.202011040924/tools/bin/../lib/gcc/arm-none-eabi/9.3.1/thumb/v7e-m+fp/hard/crti.o
LOAD c:/st/stm32cubeide_1.6.1/stm32cubeide/plugins/com.st.stm32cube.ide.mcu.externaltools.gnu-tools-for-stm32.9-2020-q2-update.win32_1.5.0.202011040924/tools/bin/../lib/gcc/arm-none-eabi/9.3.1/thumb/v7e-m+fp/hard/crtbegin.o
LOAD c:/st/stm32cubeide_1.6.1/stm32cubeide/plugins/com.st.stm32cube.ide.mcu.externaltools.gnu-tools-for-stm32.9-2020-q2-update.win32_1.5.0.202011040924/tools/bin/../lib/gcc/arm-none-eabi/9.3.1/../../../../arm-none-eabi/lib/thumb/v7e-m+fp/hard/crt0.o
LOAD Src/adc.o
LOAD Src/circular_buffer.o
LOAD Src/esp82xx_driver.o
LOAD Src/esp82xx_lib.o
LOAD Src/fifo.o
LOAD Src/hardware_modules.o
LOAD Src/main.o
LOAD Src/syscalls.o
LOAD Src/sysmem.o
LOAD Startup/startup_stm32f411retx.o
START GROUP
LOAD c:/st/stm32cubeide_1.6.1/stm32cubeide/plugins/com.st.stm32cube.ide.mcu.externaltools.gnu-tools-for-stm32.9-2020-q2-update.win32_1.5.0.202011040924/tools/bin/../lib/gcc/arm-none-eabi/9.3.1/../../../../arm-none-eabi/lib/thumb/v7e-m+fp/hard\libc_nano.a
LOAD c:/st/stm32cubeide_1.6.1/stm32cubeide/plugins/com.st.stm32cube.ide.mcu.externaltools.gnu-tools-for-stm32.9-2020-q2-update.win32_1.5.0.202011040924/tools/bin/../lib/gcc/arm-none-eabi/9.3.1/../../../../arm-none-eabi/lib/thumb/v7e-m+fp/hard\libm.a
END GROUP
START GROUP
LOAD c:/st/stm32cubeide_1.6.1/stm32cubeide/plugins/com.st.stm32cube.ide.mcu.externaltools.gnu-tools-for-stm32.9-2020-q2-update.win32_1.5.0.202011040924/tools/bin/../lib/gcc/arm-none-eabi/9.3.1/thumb/v7e-m+fp/hard\libgcc.a
LOAD c:/st/stm32cubeide_1.6.1/stm32cubeide/plugins/com.st.stm32cube.ide.mcu.externaltools.gnu-tools-for-stm32.9-2020-q2-update.win32_1.5.0.202011040924/tools/bin/../lib/gcc/arm-none-eabi/9.3.1/../../../../arm-none-eabi/lib/thumb/v7e-m+fp/hard\libc_nano.a
END GROUP
START GROUP
LOAD c:/st/stm32cubeide_1.6.1/stm32cubeide/plugins/com.st.stm32cube.ide.mcu.externaltools.gnu-tools-for-stm32.9-2020-q2-update.win32_1.5.0.202011040924/tools/bin/../lib/gcc/arm-none-eabi/9.3.1/thumb/v7e-m+fp/hard\libgcc.a
LOAD c:/st/stm32cubeide_1.6.1/stm32cubeide/plugins/com.st.stm32cube.ide.mcu.externaltools.gnu-tools-for-stm32.9-2020-q2-update.win32_1.5.0.202011040924/tools/bin/../lib/gcc/arm-none-eabi/9.3.1/../../../../arm-none-eabi/lib/thumb/v7e-m+fp/hard\libc_nano.a
LOAD c:/st/stm32cubeide_1.6.1/stm32cubeide/plugins/com.st.stm32cube.ide.mcu.externaltools.gnu-tools-for-stm32.9-2020-q2-update.win32_1.5.0.202011040924/tools/bin/../lib/gcc/arm-none-eabi/9.3.1/../../../../arm-none-eabi/lib/thumb/v7e-m+fp/hard\libnosys.a
END GROUP
START GROUP
LOAD c:/st/stm32cubeide_1.6.1/stm32cubeide/plugins/com.st.stm32cube.ide.mcu.externaltools.gnu-tools-for-stm32.9-2020-q2-update.win32_1.5.0.202011040924/tools/bin/../lib/gcc/arm-none-eabi/9.3.1/thumb/v7e-m+fp/hard\libgcc.a
LOAD c:/st/stm32cubeide_1.6.1/stm32cubeide/plugins/com.st.stm32cube.ide.mcu.externaltools.gnu-tools-for-stm32.9-2020-q2-update.win32_1.5.0.202011040924/tools/bin/../lib/gcc/arm-none-eabi/9.3.1/../../../../arm-none-eabi/lib/thumb/v7e-m+fp/hard\libc_nano.a
LOAD c:/st/stm32cubeide_1.6.1/stm32cubeide/plugins/com.st.stm32cube.ide.mcu.externaltools.gnu-tools-for-stm32.9-2020-q2-update.win32_1.5.0.202011040924/tools/bin/../lib/gcc/arm-none-eabi/9.3.1/../../../../arm-none-eabi/lib/thumb/v7e-m+fp/hard\libnosys.a
END GROUP
LOAD c:/st/stm32cubeide_1.6.1/stm32cubeide/plugins/com.st.stm32cube.ide.mcu.externaltools.gnu-tools-for-stm32.9-2020-q2-update.win32_1.5.0.202011040924/tools/bin/../lib/gcc/arm-none-eabi/9.3.1/thumb/v7e-m+fp/hard/crtend.o
LOAD c:/st/stm32cubeide_1.6.1/stm32cubeide/plugins/com.st.stm32cube.ide.mcu.externaltools.gnu-tools-for-stm32.9-2020-q2-update.win32_1.5.0.202011040924/tools/bin/../lib/gcc/arm-none-eabi/9.3.1/thumb/v7e-m+fp/hard/crtn.o
                0x0000000020020000                _estack = (ORIGIN (RAM) + LENGTH (RAM))
                0x0000000000000200                _Min_Heap_Size = 0x200
                0x0000000000000400                _Min_Stack_Size = 0x400

.isr_vector     0x0000000008000000      0x198
                0x0000000008000000                . = ALIGN (0x4)
 *(.isr_vector)
 .isr_vector    0x0000000008000000      0x198 Startup/startup_stm32f411retx.o
                0x0000000008000000                g_pfnVectors
                0x0000000008000198                . = ALIGN (0x4)

.text           0x0000000008000198      0x364
                0x0000000008000198                . = ALIGN (0x4)
 *(.text)
 .text          0x0000000008000198       0x40 c:/st/stm32cubeide_1.6.1/stm32cubeide/plugins/com.st.stm32cube.ide.mcu.externaltools.gnu-tools-for-stm32.9-2020-q2-update.win32_1.5.0.202011040924/tools/bin/../lib/gcc/arm-none-eabi/9.3.1/thumb/v7e-m+fp/hard/crtbegin.o
 *(.text*)
 .text.pa1_adc_init
                0x00000000080001d8       0x64 Src/adc.o
                0x00000000080001d8                pa1_adc_init
 .text.start_conversion
                0x000000000800023c       0x2c Src/adc.o
                0x000000000800023c                start_conversion
 .text.adc_read
                0x0000000008000268       0x24 Src/adc.o
                0x0000000008000268                adc_read
 .text.buff_store_char
                0x000000000800028c       0x46 Src/circular_buffer.o
 *fill*         0x00000000080002d2        0x2 
 .text.esp82_uart_callback
                0x00000000080002d4       0xa0 Src/circular_buffer.o
                0x00000000080002d4                esp82_uart_callback
 .text.debug_uart_callback
                0x0000000008000374       0xa0 Src/circular_buffer.o
                0x0000000008000374                debug_uart_callback
 .text.USART1_IRQHandler
                0x0000000008000414        0xc Src/esp82xx_lib.o
                0x0000000008000414                USART1_IRQHandler
 .text.USART2_IRQHandler
                0x0000000008000420        0xc Src/esp82xx_lib.o
                0x0000000008000420                USART2_IRQHandler
 .text.main     0x000000000800042c       0x1c Src/main.o
                0x000000000800042c                main
 .text.Reset_Handler
                0x0000000008000448       0x50 Startup/startup_stm32f411retx.o
                0x0000000008000448                Reset_Handler
 .text.Default_Handler
                0x0000000008000498        0x2 Startup/startup_stm32f411retx.o
                0x0000000008000498                RTC_Alarm_IRQHandler
                0x0000000008000498                EXTI2_IRQHandler
                0x0000000008000498                DebugMon_Handler
                0x0000000008000498                SPI4_IRQHandler
                0x0000000008000498                TIM1_CC_IRQHandler
                0x0000000008000498                DMA2_Stream5_IRQHandler
                0x0000000008000498                HardFault_Handler
                0x0000000008000498                DMA1_Stream5_IRQHandler
                0x0000000008000498                SysTick_Handler
                0x0000000008000498                PVD_IRQHandler
                0x0000000008000498                SDIO_IRQHandler
                0x0000000008000498                TAMP_STAMP_IRQHandler
                0x0000000008000498                PendSV_Handler
                0x0000000008000498                NMI_Handler
                0x0000000008000498                EXTI3_IRQHandler
                0x0000000008000498                TIM1_UP_TIM10_IRQHandler
                0x0000000008000498                I2C3_ER_IRQHandler
                0x0000000008000498                EXTI0_IRQHandler
                0x0000000008000498                I2C2_EV_IRQHandler
                0x0000000008000498                DMA1_Stream2_IRQHandler
                0x0000000008000498                FPU_IRQHandler
                0x0000000008000498                UsageFault_Handler
                0x0000000008000498                DMA2_Stream2_IRQHandler
                0x0000000008000498                SPI1_IRQHandler
                0x0000000008000498                TIM1_BRK_TIM9_IRQHandler
                0x0000000008000498                DMA2_Stream3_IRQHandler
                0x0000000008000498                USART6_IRQHandler
                0x0000000008000498                DMA2_Stream0_IRQHandler
                0x0000000008000498                TIM4_IRQHandler
                0x0000000008000498                I2C1_EV_IRQHandler
                0x0000000008000498                DMA1_Stream6_IRQHandler
                0x0000000008000498                DMA1_Stream1_IRQHandler
                0x0000000008000498                TIM3_IRQHandler
                0x0000000008000498                RCC_IRQHandler
                0x0000000008000498                Default_Handler
                0x0000000008000498                EXTI15_10_IRQHandler
                0x0000000008000498                ADC_IRQHandler
                0x0000000008000498                DMA1_Stream7_IRQHandler
                0x0000000008000498                SPI5_IRQHandler
                0x0000000008000498                TIM5_IRQHandler
                0x0000000008000498                DMA2_Stream7_IRQHandler
                0x0000000008000498                I2C3_EV_IRQHandler
                0x0000000008000498                EXTI9_5_IRQHandler
                0x0000000008000498                RTC_WKUP_IRQHandler
                0x0000000008000498                SPI2_IRQHandler
                0x0000000008000498                MemManage_Handler
                0x0000000008000498                DMA1_Stream0_IRQHandler
                0x0000000008000498                SVC_Handler
                0x0000000008000498                EXTI4_IRQHandler
                0x0000000008000498                WWDG_IRQHandler
                0x0000000008000498                TIM2_IRQHandler
                0x0000000008000498                OTG_FS_WKUP_IRQHandler
                0x0000000008000498                TIM1_TRG_COM_TIM11_IRQHandler
                0x0000000008000498                EXTI1_IRQHandler
                0x0000000008000498                I2C2_ER_IRQHandler
                0x0000000008000498                DMA2_Stream1_IRQHandler
                0x0000000008000498                FLASH_IRQHandler
                0x0000000008000498                DMA2_Stream4_IRQHandler
                0x0000000008000498                BusFault_Handler
                0x0000000008000498                OTG_FS_IRQHandler
                0x0000000008000498                SPI3_IRQHandler
                0x0000000008000498                DMA1_Stream4_IRQHandler
                0x0000000008000498                I2C1_ER_IRQHandler
                0x0000000008000498                DMA2_Stream6_IRQHandler
                0x0000000008000498                DMA1_Stream3_IRQHandler
 *fill*         0x000000000800049a        0x2 
 .text.__libc_init_array
                0x000000000800049c       0x48 c:/st/stm32cubeide_1.6.1/stm32cubeide/plugins/com.st.stm32cube.ide.mcu.externaltools.gnu-tools-for-stm32.9-2020-q2-update.win32_1.5.0.202011040924/tools/bin/../lib/gcc/arm-none-eabi/9.3.1/../../../../arm-none-eabi/lib/thumb/v7e-m+fp/hard\libc_nano.a(lib_a-init.o)
                0x000000000800049c                __libc_init_array
 *(.glue_7)
 .glue_7        0x00000000080004e4        0x0 linker stubs
 *(.glue_7t)
 .glue_7t       0x00000000080004e4        0x0 linker stubs
 *(.eh_frame)
 .eh_frame      0x00000000080004e4        0x0 c:/st/stm32cubeide_1.6.1/stm32cubeide/plugins/com.st.stm32cube.ide.mcu.externaltools.gnu-tools-for-stm32.9-2020-q2-update.win32_1.5.0.202011040924/tools/bin/../lib/gcc/arm-none-eabi/9.3.1/thumb/v7e-m+fp/hard/crtbegin.o
 *(.init)
 .init          0x00000000080004e4        0x4 c:/st/stm32cubeide_1.6.1/stm32cubeide/plugins/com.st.stm32cube.ide.mcu.externaltools.gnu-tools-for-stm32.9-2020-q2-update.win32_1.5.0.202011040924/tools/bin/../lib/gcc/arm-none-eabi/9.3.1/thumb/v7e-m+fp/hard/crti.o
                0x00000000080004e4                _init
 .init          0x00000000080004e8        0x8 c:/st/stm32cubeide_1.6.1/stm32cubeide/plugins/com.st.stm32cube.ide.mcu.externaltools.gnu-tools-for-stm32.9-2020-q2-update.win32_1.5.0.202011040924/tools/bin/../lib/gcc/arm-none-eabi/9.3.1/thumb/v7e-m+fp/hard/crtn.o
 *(.fini)
 .fini          0x00000000080004f0        0x4 c:/st/stm32cubeide_1.6.1/stm32cubeide/plugins/com.st.stm32cube.ide.mcu.externaltools.gnu-tools-for-stm32.9-2020-q2-update.win32_1.5.0.202011040924/tools/bin/../lib/gcc/arm-none-eabi/9.3.1/thumb/v7e-m+fp/hard/crti.o
                0x00000000080004f0                _fini
 .fini          0x00000000080004f4        0x8 c:/st/stm32cubeide_1.6.1/stm32cubeide/plugins/com.st.stm32cube.ide.mcu.externaltools.gnu-tools-for-stm32.9-2020-q2-update.win32_1.5.0.202011040924/tools/bin/../lib/gcc/arm-none-eabi/9.3.1/thumb/v7e-m+fp/hard/crtn.o
                0x00000000080004fc                . = ALIGN (0x4)
                0x00000000080004fc                _etext = .

.vfp11_veneer   0x00000000080004fc        0x0
 .vfp11_veneer  0x00000000080004fc        0x0 linker stubs

.v4_bx          0x00000000080004fc        0x0
 .v4_bx         0x00000000080004fc        0x0 linker stubs

.iplt           0x00000000080004fc        0x0
 .iplt          0x00000000080004fc        0x0 c:/st/stm32cubeide_1.6.1/stm32cubeide/plugins/com.st.stm32cube.ide.mcu.externaltools.gnu-tools-for-stm32.9-2020-q2-update.win32_1.5.0.202011040924/tools/bin/../lib/gcc/arm-none-eabi/9.3.1/thumb/v7e-m+fp/hard/crtbegin.o

.rel.dyn        0x00000000080004fc        0x0
 .rel.iplt      0x00000000080004fc        0x0 c:/st/stm32cubeide_1.6.1/stm32cubeide/plugins/com.st.stm32cube.ide.mcu.externaltools.gnu-tools-for-stm32.9-2020-q2-update.win32_1.5.0.202011040924/tools/bin/../lib/gcc/arm-none-eabi/9.3.1/thumb/v7e-m+fp/hard/crtbegin.o

.rodata         0x00000000080004fc        0x0
                0x00000000080004fc                . = ALIGN (0x4)
 *(.rodata)
 *(.rodata*)
                0x00000000080004fc                . = ALIGN (0x4)

.ARM.extab      0x00000000080004fc        0x0
                0x00000000080004fc                . = ALIGN (0x4)
 *(.ARM.extab* .gnu.linkonce.armextab.*)
                0x00000000080004fc                . = ALIGN (0x4)

.ARM            0x00000000080004fc        0x0
                0x00000000080004fc                . = ALIGN (0x4)
                0x00000000080004fc                __exidx_start = .
 *(.ARM.exidx*)
                0x00000000080004fc                __exidx_end = .
                0x00000000080004fc                . = ALIGN (0x4)

.preinit_array  0x00000000080004fc        0x0
                0x00000000080004fc                . = ALIGN (0x4)
                0x00000000080004fc                PROVIDE (__preinit_array_start = .)
 *(.preinit_array*)
                0x00000000080004fc                PROVIDE (__preinit_array_end = .)
                0x00000000080004fc                . = ALIGN (0x4)

.init_array     0x00000000080004fc        0x4
                0x00000000080004fc                . = ALIGN (0x4)
                0x00000000080004fc                PROVIDE (__init_array_start = .)
 *(SORT_BY_NAME(.init_array.*))
 *(.init_array*)
 .init_array    0x00000000080004fc        0x4 c:/st/stm32cubeide_1.6.1/stm32cubeide/plugins/com.st.stm32cube.ide.mcu.externaltools.gnu-tools-for-stm32.9-2020-q2-update.win32_1.5.0.202011040924/tools/bin/../lib/gcc/arm-none-eabi/9.3.1/thumb/v7e-m+fp/hard/crtbegin.o
                0x0000000008000500                PROVIDE (__init_array_end = .)
                0x0000000008000500                . = ALIGN (0x4)

.fini_array     0x0000000008000500        0x4
                0x0000000008000500                . = ALIGN (0x4)
                [!provide]                        PROVIDE (__fini_array_start = .)
 *(SORT_BY_NAME(.fini_array.*))
 *(.fini_array*)
 .fini_array    0x0000000008000500        0x4 c:/st/stm32cubeide_1.6.1/stm32cubeide/plugins/com.st.stm32cube.ide.mcu.externaltools.gnu-tools-for-stm32.9-2020-q2-update.win32_1.5.0.202011040924/tools/bin/../lib/gcc/arm-none-eabi/9.3.1/thumb/v7e-m+fp/hard/crtbegin.o
                [!provide]                        PROVIDE (__fini_array_end = .)
                0x0000000008000504                . = ALIGN (0x4)
                0x0000000008000504                _sidata = LOADADDR (.data)

.data           0x0000000020000000        0x0 load address 0x0000000008000504
                0x0000000020000000                . = ALIGN (0x4)
                0x0000000020000000                _sdata = .
 *(.data)
 *(.data*)
 *(.RamFunc)
 *(.RamFunc*)
                0x0000000020000000                . = ALIGN (0x4)
                0x0000000020000000                _edata = .

.igot.plt       0x0000000020000000        0x0 load address 0x0000000008000504
 .igot.plt      0x0000000020000000        0x0 c:/st/stm32cubeide_1.6.1/stm32cubeide/plugins/com.st.stm32cube.ide.mcu.externaltools.gnu-tools-for-stm32.9-2020-q2-update.win32_1.5.0.202011040924/tools/bin/../lib/gcc/arm-none-eabi/9.3.1/thumb/v7e-m+fp/hard/crtbegin.o
                0x0000000020000000                . = ALIGN (0x4)

.bss            0x0000000020000000      0x440 load address 0x0000000008000504
                0x0000000020000000                _sbss = .
                0x0000000020000000                __bss_start__ = _sbss
 *(.bss)
 .bss           0x0000000020000000       0x1c c:/st/stm32cubeide_1.6.1/stm32cubeide/plugins/com.st.stm32cube.ide.mcu.externaltools.gnu-tools-for-stm32.9-2020-q2-update.win32_1.5.0.202011040924/tools/bin/../lib/gcc/arm-none-eabi/9.3.1/thumb/v7e-m+fp/hard/crtbegin.o
 *(.bss*)
 .bss.tx_buffer1
                0x000000002000001c      0x208 Src/circular_buffer.o
                0x000000002000001c                tx_buffer1
 .bss.tx_buffer2
                0x0000000020000224      0x208 Src/circular_buffer.o
                0x0000000020000224                tx_buffer2
 *(COMMON)
 COMMON         0x000000002000042c       0x10 Src/circular_buffer.o
                0x000000002000042c                _tx_buffer2
                0x0000000020000430                _rx_buffer1
                0x0000000020000434                _tx_buffer1
                0x0000000020000438                _rx_buffer2
 COMMON         0x000000002000043c        0x4 Src/main.o
                0x000000002000043c                sensor_value
                0x0000000020000440                . = ALIGN (0x4)
                0x0000000020000440                _ebss = .
                0x0000000020000440                __bss_end__ = _ebss

._user_heap_stack
                0x0000000020000440      0x600 load address 0x0000000008000504
                0x0000000020000440                . = ALIGN (0x8)
                [!provide]                        PROVIDE (end = .)
                0x0000000020000440                PROVIDE (_end = .)
                0x0000000020000640                . = (. + _Min_Heap_Size)
 *fill*         0x0000000020000440      0x200 
                0x0000000020000a40                . = (. + _Min_Stack_Size)
 *fill*         0x0000000020000640      0x400 
                0x0000000020000a40                . = ALIGN (0x8)

/DISCARD/
 libc.a(*)
 libm.a(*)
 libgcc.a(*)

.ARM.attributes
                0x0000000000000000       0x30
 *(.ARM.attributes)
 .ARM.attributes
                0x0000000000000000       0x1e c:/st/stm32cubeide_1.6.1/stm32cubeide/plugins/com.st.stm32cube.ide.mcu.externaltools.gnu-tools-for-stm32.9-2020-q2-update.win32_1.5.0.202011040924/tools/bin/../lib/gcc/arm-none-eabi/9.3.1/thumb/v7e-m+fp/hard/crti.o
 .ARM.attributes
                0x000000000000001e       0x34 c:/st/stm32cubeide_1.6.1/stm32cubeide/plugins/com.st.stm32cube.ide.mcu.externaltools.gnu-tools-for-stm32.9-2020-q2-update.win32_1.5.0.202011040924/tools/bin/../lib/gcc/arm-none-eabi/9.3.1/thumb/v7e-m+fp/hard/crtbegin.o
 .ARM.attributes
                0x0000000000000052       0x34 Src/adc.o
 .ARM.attributes
                0x0000000000000086       0x34 Src/circular_buffer.o
 .ARM.attributes
                0x00000000000000ba       0x34 Src/esp82xx_lib.o
 .ARM.attributes
                0x00000000000000ee       0x34 Src/main.o
 .ARM.attributes
                0x0000000000000122       0x21 Startup/startup_stm32f411retx.o
 .ARM.attributes
                0x0000000000000143       0x34 c:/st/stm32cubeide_1.6.1/stm32cubeide/plugins/com.st.stm32cube.ide.mcu.externaltools.gnu-tools-for-stm32.9-2020-q2-update.win32_1.5.0.202011040924/tools/bin/../lib/gcc/arm-none-eabi/9.3.1/../../../../arm-none-eabi/lib/thumb/v7e-m+fp/hard\libc_nano.a(lib_a-init.o)
 .ARM.attributes
                0x0000000000000177       0x1e c:/st/stm32cubeide_1.6.1/stm32cubeide/plugins/com.st.stm32cube.ide.mcu.externaltools.gnu-tools-for-stm32.9-2020-q2-update.win32_1.5.0.202011040924/tools/bin/../lib/gcc/arm-none-eabi/9.3.1/thumb/v7e-m+fp/hard/crtn.o
OUTPUT(11_esp82xx_adc_driver.elf elf32-littlearm)
LOAD linker stubs
LOAD c:/st/stm32cubeide_1.6.1/stm32cubeide/plugins/com.st.stm32cube.ide.mcu.externaltools.gnu-tools-for-stm32.9-2020-q2-update.win32_1.5.0.202011040924/tools/bin/../lib/gcc/arm-none-eabi/9.3.1/../../../../arm-none-eabi/lib/thumb/v7e-m+fp/hard\libc.a
LOAD c:/st/stm32cubeide_1.6.1/stm32cubeide/plugins/com.st.stm32cube.ide.mcu.externaltools.gnu-tools-for-stm32.9-2020-q2-update.win32_1.5.0.202011040924/tools/bin/../lib/gcc/arm-none-eabi/9.3.1/../../../../arm-none-eabi/lib/thumb/v7e-m+fp/hard\libm.a
LOAD c:/st/stm32cubeide_1.6.1/stm32cubeide/plugins/com.st.stm32cube.ide.mcu.externaltools.gnu-tools-for-stm32.9-2020-q2-update.win32_1.5.0.202011040924/tools/bin/../lib/gcc/arm-none-eabi/9.3.1/thumb/v7e-m+fp/hard\libgcc.a

.debug_info     0x0000000000000000     0x2b9a
 .debug_info    0x0000000000000000      0x516 Src/adc.o
 .debug_info    0x0000000000000516      0xfd7 Src/circular_buffer.o
 .debug_info    0x00000000000014ed      0xc9d Src/esp82xx_lib.o
 .debug_info    0x000000000000218a      0x9ee Src/main.o
 .debug_info    0x0000000000002b78       0x22 Startup/startup_stm32f411retx.o

.debug_abbrev   0x0000000000000000      0x919
 .debug_abbrev  0x0000000000000000      0x129 Src/adc.o
 .debug_abbrev  0x0000000000000129      0x36f Src/circular_buffer.o
 .debug_abbrev  0x0000000000000498      0x2c1 Src/esp82xx_lib.o
 .debug_abbrev  0x0000000000000759      0x1ae Src/main.o
 .debug_abbrev  0x0000000000000907       0x12 Startup/startup_stm32f411retx.o

.debug_aranges  0x0000000000000000      0x190
 .debug_aranges
                0x0000000000000000       0x30 Src/adc.o
 .debug_aranges
                0x0000000000000030       0x98 Src/circular_buffer.o
 .debug_aranges
                0x00000000000000c8       0x80 Src/esp82xx_lib.o
 .debug_aranges
                0x0000000000000148       0x20 Src/main.o
 .debug_aranges
                0x0000000000000168       0x28 Startup/startup_stm32f411retx.o

.debug_ranges   0x0000000000000000      0x148
 .debug_ranges  0x0000000000000000       0x20 Src/adc.o
 .debug_ranges  0x0000000000000020       0x88 Src/circular_buffer.o
 .debug_ranges  0x00000000000000a8       0x70 Src/esp82xx_lib.o
 .debug_ranges  0x0000000000000118       0x10 Src/main.o
 .debug_ranges  0x0000000000000128       0x20 Startup/startup_stm32f411retx.o

.debug_macro    0x0000000000000000     0xf2c9
 .debug_macro   0x0000000000000000      0x108 Src/adc.o
 .debug_macro   0x0000000000000108      0xab4 Src/adc.o
 .debug_macro   0x0000000000000bbc       0x28 Src/adc.o
 .debug_macro   0x0000000000000be4       0x28 Src/adc.o
 .debug_macro   0x0000000000000c0c       0x22 Src/adc.o
 .debug_macro   0x0000000000000c2e       0x8e Src/adc.o
 .debug_macro   0x0000000000000cbc       0x51 Src/adc.o
 .debug_macro   0x0000000000000d0d      0x103 Src/adc.o
 .debug_macro   0x0000000000000e10       0x6a Src/adc.o
 .debug_macro   0x0000000000000e7a      0x1df Src/adc.o
 .debug_macro   0x0000000000001059       0x1c Src/adc.o
 .debug_macro   0x0000000000001075       0x22 Src/adc.o
 .debug_macro   0x0000000000001097       0xdf Src/adc.o
 .debug_macro   0x0000000000001176     0x102d Src/adc.o
 .debug_macro   0x00000000000021a3      0x11f Src/adc.o
 .debug_macro   0x00000000000022c2     0xb937 Src/adc.o
 .debug_macro   0x000000000000dbf9       0x43 Src/adc.o
 .debug_macro   0x000000000000dc3c      0x1c2 Src/circular_buffer.o
 .debug_macro   0x000000000000ddfe       0x4c Src/circular_buffer.o
 .debug_macro   0x000000000000de4a       0x18 Src/circular_buffer.o
 .debug_macro   0x000000000000de62       0x94 Src/circular_buffer.o
 .debug_macro   0x000000000000def6       0x3c Src/circular_buffer.o
 .debug_macro   0x000000000000df32       0x34 Src/circular_buffer.o
 .debug_macro   0x000000000000df66      0x174 Src/circular_buffer.o
 .debug_macro   0x000000000000e0da       0x16 Src/circular_buffer.o
 .debug_macro   0x000000000000e0f0       0x43 Src/circular_buffer.o
 .debug_macro   0x000000000000e133       0x57 Src/circular_buffer.o
 .debug_macro   0x000000000000e18a       0x34 Src/circular_buffer.o
 .debug_macro   0x000000000000e1be       0x10 Src/circular_buffer.o
 .debug_macro   0x000000000000e1ce       0x58 Src/circular_buffer.o
 .debug_macro   0x000000000000e226       0x71 Src/circular_buffer.o
 .debug_macro   0x000000000000e297       0x1c Src/circular_buffer.o
 .debug_macro   0x000000000000e2b3      0x12a Src/circular_buffer.o
 .debug_macro   0x000000000000e3dd      0x339 Src/circular_buffer.o
 .debug_macro   0x000000000000e716       0x10 Src/circular_buffer.o
 .debug_macro   0x000000000000e726       0x35 Src/circular_buffer.o
 .debug_macro   0x000000000000e75b       0x20 Src/circular_buffer.o
 .debug_macro   0x000000000000e77b       0xd9 Src/circular_buffer.o
 .debug_macro   0x000000000000e854       0x10 Src/circular_buffer.o
 .debug_macro   0x000000000000e864      0x27e Src/esp82xx_lib.o
 .debug_macro   0x000000000000eae2       0x16 Src/esp82xx_lib.o
 .debug_macro   0x000000000000eaf8       0x97 Src/esp82xx_lib.o
 .debug_macro   0x000000000000eb8f       0xfd Src/esp82xx_lib.o
 .debug_macro   0x000000000000ec8c       0x10 Src/esp82xx_lib.o
 .debug_macro   0x000000000000ec9c       0x10 Src/esp82xx_lib.o
 .debug_macro   0x000000000000ecac       0x1c Src/esp82xx_lib.o
 .debug_macro   0x000000000000ecc8       0x52 Src/esp82xx_lib.o
 .debug_macro   0x000000000000ed1a       0x22 Src/esp82xx_lib.o
 .debug_macro   0x000000000000ed3c       0x10 Src/esp82xx_lib.o
 .debug_macro   0x000000000000ed4c       0x40 Src/esp82xx_lib.o
 .debug_macro   0x000000000000ed8c       0xd5 Src/esp82xx_lib.o
 .debug_macro   0x000000000000ee61       0x1c Src/esp82xx_lib.o
 .debug_macro   0x000000000000ee7d       0x3d Src/esp82xx_lib.o
 .debug_macro   0x000000000000eeba       0x16 Src/esp82xx_lib.o
 .debug_macro   0x000000000000eed0      0x145 Src/esp82xx_lib.o
 .debug_macro   0x000000000000f015       0x16 Src/esp82xx_lib.o
 .debug_macro   0x000000000000f02b       0x16 Src/esp82xx_lib.o
 .debug_macro   0x000000000000f041      0x272 Src/main.o
 .debug_macro   0x000000000000f2b3       0x16 Src/main.o

.debug_line     0x0000000000000000     0x233e
 .debug_line    0x0000000000000000      0x549 Src/adc.o
 .debug_line    0x0000000000000549      0xbf5 Src/circular_buffer.o
 .debug_line    0x000000000000113e      0xa34 Src/esp82xx_lib.o
 .debug_line    0x0000000000001b72      0x748 Src/main.o
 .debug_line    0x00000000000022ba       0x84 Startup/startup_stm32f411retx.o

.debug_str      0x0000000000000000    0x53f22
 .debug_str     0x0000000000000000    0x4f748 Src/adc.o
                                      0x4f8c6 (size before relaxing)
 .debug_str     0x000000000004f748     0x36a3 Src/circular_buffer.o
                                      0x52e3e (size before relaxing)
 .debug_str     0x0000000000052deb     0x10a1 Src/esp82xx_lib.o
                                      0x53cea (size before relaxing)
 .debug_str     0x0000000000053e8c       0x65 Src/main.o
                                      0x53b4f (size before relaxing)
 .debug_str     0x0000000000053ef1       0x31 Startup/startup_stm32f411retx.o
                                         0x82 (size before relaxing)

.comment        0x0000000000000000       0x53
 .comment       0x0000000000000000       0x53 Src/adc.o
                                         0x54 (size before relaxing)
 .comment       0x0000000000000053       0x54 Src/circular_buffer.o
 .comment       0x0000000000000053       0x54 Src/esp82xx_lib.o
 .comment       0x0000000000000053       0x54 Src/main.o

.debug_frame    0x0000000000000000      0x4d8
 .debug_frame   0x0000000000000000       0x70 Src/adc.o
 .debug_frame   0x0000000000000070      0x264 Src/circular_buffer.o
 .debug_frame   0x00000000000002d4      0x1ac Src/esp82xx_lib.o
 .debug_frame   0x0000000000000480       0x2c Src/main.o
 .debug_frame   0x00000000000004ac       0x2c c:/st/stm32cubeide_1.6.1/stm32cubeide/plugins/com.st.stm32cube.ide.mcu.externaltools.gnu-tools-for-stm32.9-2020-q2-update.win32_1.5.0.202011040924/tools/bin/../lib/gcc/arm-none-eabi/9.3.1/../../../../arm-none-eabi/lib/thumb/v7e-m+fp/hard\libc_nano.a(lib_a-init.o)
