Archive member included to satisfy reference by file (symbol)

c:/st/stm32cubeide_1.6.1/stm32cubeide/plugins/com.st.stm32cube.ide.mcu.externaltools.gnu-tools-for-stm32.9-2020-q2-update.win32_1.5.0.202011040924/tools/bin/../lib/gcc/arm-none-eabi/9.3.1/../../../../arm-none-eabi/lib/thumb/v7e-m+fp/hard\libc_nano.a(lib_a-errno.o)
                              Src/syscalls.o (__errno)
c:/st/stm32cubeide_1.6.1/stm32cubeide/plugins/com.st.stm32cube.ide.mcu.externaltools.gnu-tools-for-stm32.9-2020-q2-update.win32_1.5.0.202011040924/tools/bin/../lib/gcc/arm-none-eabi/9.3.1/../../../../arm-none-eabi/lib/thumb/v7e-m+fp/hard\libc_nano.a(lib_a-exit.o)
                              c:/st/stm32cubeide_1.6.1/stm32cubeide/plugins/com.st.stm32cube.ide.mcu.externaltools.gnu-tools-for-stm32.9-2020-q2-update.win32_1.5.0.202011040924/tools/bin/../lib/gcc/arm-none-eabi/9.3.1/../../../../arm-none-eabi/lib/thumb/v7e-m+fp/hard/crt0.o (exit)
c:/st/stm32cubeide_1.6.1/stm32cubeide/plugins/com.st.stm32cube.ide.mcu.externaltools.gnu-tools-for-stm32.9-2020-q2-update.win32_1.5.0.202011040924/tools/bin/../lib/gcc/arm-none-eabi/9.3.1/../../../../arm-none-eabi/lib/thumb/v7e-m+fp/hard\libc_nano.a(lib_a-impure.o)
                              c:/st/stm32cubeide_1.6.1/stm32cubeide/plugins/com.st.stm32cube.ide.mcu.externaltools.gnu-tools-for-stm32.9-2020-q2-update.win32_1.5.0.202011040924/tools/bin/../lib/gcc/arm-none-eabi/9.3.1/../../../../arm-none-eabi/lib/thumb/v7e-m+fp/hard\libc_nano.a(lib_a-exit.o) (_global_impure_ptr)
c:/st/stm32cubeide_1.6.1/stm32cubeide/plugins/com.st.stm32cube.ide.mcu.externaltools.gnu-tools-for-stm32.9-2020-q2-update.win32_1.5.0.202011040924/tools/bin/../lib/gcc/arm-none-eabi/9.3.1/../../../../arm-none-eabi/lib/thumb/v7e-m+fp/hard\libc_nano.a(lib_a-init.o)
                              c:/st/stm32cubeide_1.6.1/stm32cubeide/plugins/com.st.stm32cube.ide.mcu.externaltools.gnu-tools-for-stm32.9-2020-q2-update.win32_1.5.0.202011040924/tools/bin/../lib/gcc/arm-none-eabi/9.3.1/../../../../arm-none-eabi/lib/thumb/v7e-m+fp/hard/crt0.o (__libc_init_array)
c:/st/stm32cubeide_1.6.1/stm32cubeide/plugins/com.st.stm32cube.ide.mcu.externaltools.gnu-tools-for-stm32.9-2020-q2-update.win32_1.5.0.202011040924/tools/bin/../lib/gcc/arm-none-eabi/9.3.1/../../../../arm-none-eabi/lib/thumb/v7e-m+fp/hard\libc_nano.a(lib_a-memset.o)
                              c:/st/stm32cubeide_1.6.1/stm32cubeide/plugins/com.st.stm32cube.ide.mcu.externaltools.gnu-tools-for-stm32.9-2020-q2-update.win32_1.5.0.202011040924/tools/bin/../lib/gcc/arm-none-eabi/9.3.1/../../../../arm-none-eabi/lib/thumb/v7e-m+fp/hard/crt0.o (memset)
c:/st/stm32cubeide_1.6.1/stm32cubeide/plugins/com.st.stm32cube.ide.mcu.externaltools.gnu-tools-for-stm32.9-2020-q2-update.win32_1.5.0.202011040924/tools/bin/../lib/gcc/arm-none-eabi/9.3.1/../../../../arm-none-eabi/lib/thumb/v7e-m+fp/hard\libc_nano.a(lib_a-sprintf.o)
                              Src/esp82xx_lib.o (sprintf)
c:/st/stm32cubeide_1.6.1/stm32cubeide/plugins/com.st.stm32cube.ide.mcu.externaltools.gnu-tools-for-stm32.9-2020-q2-update.win32_1.5.0.202011040924/tools/bin/../lib/gcc/arm-none-eabi/9.3.1/../../../../arm-none-eabi/lib/thumb/v7e-m+fp/hard\libc_nano.a(lib_a-strcat.o)
                              Src/esp82xx_lib.o (strcat)
c:/st/stm32cubeide_1.6.1/stm32cubeide/plugins/com.st.stm32cube.ide.mcu.externaltools.gnu-tools-for-stm32.9-2020-q2-update.win32_1.5.0.202011040924/tools/bin/../lib/gcc/arm-none-eabi/9.3.1/../../../../arm-none-eabi/lib/thumb/v7e-m+fp/hard\libc_nano.a(lib_a-strcmp.o)
                              Src/esp82xx_lib.o (strcmp)
c:/st/stm32cubeide_1.6.1/stm32cubeide/plugins/com.st.stm32cube.ide.mcu.externaltools.gnu-tools-for-stm32.9-2020-q2-update.win32_1.5.0.202011040924/tools/bin/../lib/gcc/arm-none-eabi/9.3.1/../../../../arm-none-eabi/lib/thumb/v7e-m+fp/hard\libc_nano.a(lib_a-strlen.o)
                              Src/circular_buffer.o (strlen)
c:/st/stm32cubeide_1.6.1/stm32cubeide/plugins/com.st.stm32cube.ide.mcu.externaltools.gnu-tools-for-stm32.9-2020-q2-update.win32_1.5.0.202011040924/tools/bin/../lib/gcc/arm-none-eabi/9.3.1/../../../../arm-none-eabi/lib/thumb/v7e-m+fp/hard\libc_nano.a(lib_a-nano-svfprintf.o)
                              c:/st/stm32cubeide_1.6.1/stm32cubeide/plugins/com.st.stm32cube.ide.mcu.externaltools.gnu-tools-for-stm32.9-2020-q2-update.win32_1.5.0.202011040924/tools/bin/../lib/gcc/arm-none-eabi/9.3.1/../../../../arm-none-eabi/lib/thumb/v7e-m+fp/hard\libc_nano.a(lib_a-sprintf.o) (_svfprintf_r)
c:/st/stm32cubeide_1.6.1/stm32cubeide/plugins/com.st.stm32cube.ide.mcu.externaltools.gnu-tools-for-stm32.9-2020-q2-update.win32_1.5.0.202011040924/tools/bin/../lib/gcc/arm-none-eabi/9.3.1/../../../../arm-none-eabi/lib/thumb/v7e-m+fp/hard\libc_nano.a(lib_a-nano-vfprintf_i.o)
[...]
Memory Configuration

Name             Origin             Length             Attributes
RAM              0x0000000020000000 0x0000000000020000 xrw
FLASH            0x0000000008000000 0x0000000000080000 xr
*default*        0x0000000000000000 0xffffffffffffffff

Linker script and memory map

LOAD c:/st/stm32cubeide_1.6.1/stm32cubeide/plugins/com.st.stm32cube.ide.mcu.externaltools.gnu-tools-for-stm32.9-2020-q2-update.win32_1.5.0.202011040924/tools/bin/../lib/gcc/arm-none-eabi/9.3.1/thumb/v7e-m+fp/hard/crti.o
LOAD c:/st/stm32cubeide_1.6.1/stm32cubeide/plugins/com.st.stm32cube.ide.mcu.externaltools.gnu-tools-for-stm32.9-2020-q2-update.win32_1.5.0.202011040924/tools/bin/../lib/gcc/arm-none-eabi/9.3.1/thumb/v7e-m+fp/hard/crtbegin.o
LOAD c:/st/stm32cubeide_1.6.1/stm32cubeide/plugins/com.st.stm32cube.ide.mcu.externaltools.gnu-tools-for-stm32.9-2020-q2-update.win32_1.5.0.202011040924/tools/bin/../lib/gcc/arm-none-eabi/9.3.1/../../../../arm-none-eabi/lib/thumb/v7e-m+fp/hard/crt0.o
LOAD Src/adc.o
LOAD Src/circular_buffer.o
LOAD Src/esp82xx_driver.o
LOAD Src/esp82xx_lib.o
LOAD Src/fifo.o
LOAD Src/hardware_modules.o
LOAD Src/main.o
LOAD Src/syscalls.o
LOAD Src/sysmem.o
LOAD Startup/startup_stm32f411retx.o
START GROUP
LOAD c:/st/stm32cubeide_1.6.1/stm32cubeide/plugins/com.st.stm32cube.ide.mcu.externaltools.gnu-tools-for-stm32.9-2020-q2-update.win32_1.5.0.202011040924/tools/bin/../lib/gcc/arm-none-eabi/9.3.1/../../../../arm-none-eabi/lib/thumb/v7e-m+fp/hard\libc_nano.a
LOAD c:/st/stm32cubeide_1.6.1/stm32cubeide/plugins/com.st.stm32cube.ide.mcu.externaltools.gnu-tools-for-stm32.9-2020-q2-update.win32_1.5.0.202011040924/tools/bin/../lib/gcc/arm-none-eabi/9.3.1/../../../../arm-none-eabi/lib/thumb/v7e-m+fp/hard\libm.a
END GROUP
START GROUP
LOAD c:/st/stm32cubeide_1.6.1/stm32cubeide/plugins/com.st.stm32cube.ide.mcu.externaltools.gnu-tools-for-stm32.9-2020-q2-update.win32_1.5.0.202011040924/tools/bin/../lib/gcc/arm-none-eabi/9.3.1/thumb/v7e-m+fp/hard\libgcc.a
LOAD c:/st/stm32cubeide_1.6.1/stm32cubeide/plugins/com.st.stm32cube.ide.mcu.externaltools.gnu-tools-for-stm32.9-2020-q2-update.win32_1.5.0.202011040924/tools/bin/../lib/gcc/arm-none-eabi/9.3.1/../../../../arm-none-eabi/lib/thumb/v7e-m+fp/hard\libc_nano.a
END GROUP
START GROUP
LOAD c:/st/stm32cubeide_1.6.1/stm32cubeide/plugins/com.st.stm32cube.ide.mcu.externaltools.gnu-tools-for-stm32.9-2020-q2-update.win32_1.5.0.202011040924/tools/bin/../lib/gcc/arm-none-eabi/9.3.1/thumb/v7e-m+fp/hard\libgcc.a
LOAD c:/st/stm32cubeide_1.6.1/stm32cubeide/plugins/com.st.stm32cube.ide.mcu.externaltools.gnu-tools-for-stm32.9-2020-q2-update.win32_1.5.0.202011040924/tools/bin/../lib/gcc/arm-none-eabi/9.3.1/../../../../arm-none-eabi/lib/thumb/v7e-m+fp/hard\libc_nano.a
LOAD c:/st/stm32cubeide_1.6.1/stm32cubeide/plugins/com.st.stm32cube.ide.mcu.externaltools.gnu-tools-for-stm32.9-2020-q2-update.win32_1.5.0.202011040924/tools/bin/../lib/gcc/arm-none-eabi/9.3.1/../../../../arm-none-eabi/lib/thumb/v7e-m+fp/hard\libnosys.a
END GROUP
START GROUP
LOAD c:/st/stm32cubeide_1.6.1/stm32cubeide/plugins/com.st.stm32cube.ide.mcu.externaltools.gnu-tools-for-stm32.9-2020-q2-update.win32_1.5.0.202011040924/tools/bin/../lib/gcc/arm-none-eabi/9.3.1/thumb/v7e-m+fp/hard\libgcc.a
LOAD c:/st/stm32cubeide_1.6.1/stm32cubeide/plugins/com.st.stm32cube.ide.mcu.externaltools.gnu-tools-for-stm32.9-2020-q2-update.win32_1.5.0.202011040924/tools/bin/../lib/gcc/arm-none-eabi/9.3.1/../../../../arm-none-eabi/lib/thumb/v7e-m+fp/hard\libc_nano.a
LOAD c:/st/stm32cubeide_1.6.1/stm32cubeide/plugins/com.st.stm32cube.ide.mcu.externaltools.gnu-tools-for-stm32.9-2020-q2-update.win32_1.5.0.202011040924/tools/bin/../lib/gcc/arm-none-eabi/9.3.1/../../../../arm-none-eabi/lib/thumb/v7e-m+fp/hard\libnosys.a
END GROUP
LOAD c:/st/stm32cubeide_1.6.1/stm32cubeide/plugins/com.st.stm32cube.ide.mcu.externaltools.gnu-tools-for-stm32.9-2020-q2-update.win32_1.5.0.202011040924/tools/bin/../lib/gcc/arm-none-eabi/9.3.1/thumb/v7e-m+fp/hard/crtend.o
LOAD c:/st/stm32cubeide_1.6.1/stm32cubeide/plugins/com.st.stm32cube.ide.mcu.externaltools.gnu-tools-for-stm32.9-2020-q2-update.win32_1.5.0.202011040924/tools/bin/../lib/gcc/arm-none-eabi/9.3.1/thumb/v7e-m+fp/hard/crtn.o
                0x0000000020020000                _estack = (ORIGIN (RAM) + LENGTH (RAM))
                0x0000000000000200                _Min_Heap_Size = 0x200
                0x0000000000000400                _Min_Stack_Size = 0x400

.isr_vector     0x0000000008000000      0x198
                0x0000000008000000                . = ALIGN (0x4)
 *(.isr_vector)
 .isr_vector    0x0000000008000000      0x198 Startup/startup_stm32f411retx.o
                0x0000000008000000                g_pfnVectors
                0x0000000008000198                . = ALIGN (0x4)

.text           0x00000000080001a0     0x19fc
                0x00000000080001a0                . = ALIGN (0x4)
 *(.text)
 .text          0x00000000080001a0       0x40 c:/st/stm32cubeide_1.6.1/stm32cubeide/plugins/com.st.stm32cube.ide.mcu.externaltools.gnu-tools-for-stm32.9-2020-q2-update.win32_1.5.0.202011040924/tools/bin/../lib/gcc/arm-none-eabi/9.3.1/thumb/v7e-m+fp/hard/crtbegin.o
 .text          0x00000000080001e0       0x10 c:/st/stm32cubeide_1.6.1/stm32cubeide/plugins/com.st.stm32cube.ide.mcu.externaltools.gnu-tools-for-stm32.9-2020-q2-update.win32_1.5.0.202011040924/tools/bin/../lib/gcc/arm-none-eabi/9.3.1/../../../../arm-none-eabi/lib/thumb/v7e-m+fp/hard\libc_nano.a(lib_a-strlen.o)
                0x00000000080001e0                strlen
 .text          0x00000000080001f0       0xa0 c:/st/stm32cubeide_1.6.1/stm32cubeide/plugins/com.st.stm32cube.ide.mcu.externaltools.gnu-tools-for-stm32.9-2020-q2-update.win32_1.5.0.202011040924/tools/bin/../lib/gcc/arm-none-eabi/9.3.1/../../../../arm-none-eabi/lib/thumb/v7e-m+fp/hard\libc_nano.a(lib_a-memchr.o)
                0x00000000080001f0                memchr
 *(.text*)
 .text.pa1_adc_init
                0x0000000008000290       0x64 Src/adc.o
                0x0000000008000290                pa1_adc_init
 .text.start_conversion
                0x00000000080002f4       0x2c Src/adc.o
                0x00000000080002f4                start_conversion
 .text.adc_read
                0x0000000008000320       0x24 Src/adc.o
                0x0000000008000320                adc_read
 .text.circular_buffer_init
                0x0000000008000344       0x68 Src/circular_buffer.o
                0x0000000008000344                circular_buffer_init
 .text.buff_store_char
                0x00000000080003ac       0x46 Src/circular_buffer.o
 *fill*         0x00000000080003f2        0x2 
 .text.buffer_clear
                0x00000000080003f4       0x6c Src/circular_buffer.o
                0x00000000080003f4                buffer_clear
 .text.buffer_peek
                0x0000000008000460       0x94 Src/circular_buffer.o
                0x0000000008000460                buffer_peek
 .text.buffer_read
                0x00000000080004f4       0xc8 Src/circular_buffer.o
                0x00000000080004f4                buffer_read
 .text.buffer_write
                0x00000000080005bc       0xd4 Src/circular_buffer.o
                0x00000000080005bc                buffer_write
 .text.is_data  0x0000000008000690       0x88 Src/circular_buffer.o
                0x0000000008000690                is_data
 .text.get_first_char
                0x0000000008000718       0x70 Src/circular_buffer.o
 .text.is_response
                0x0000000008000788       0x90 Src/circular_buffer.o
                0x0000000008000788                is_response
 .text.buffer_send_string
                0x0000000008000818       0x32 Src/circular_buffer.o
                0x0000000008000818                buffer_send_string
 *fill*         0x000000000800084a        0x2 
 .text.esp82_uart_callback
                0x000000000800084c       0xa0 Src/circular_buffer.o
                0x000000000800084c                esp82_uart_callback
 .text.debug_uart_callback
                0x00000000080008ec       0xa0 Src/circular_buffer.o
                0x00000000080008ec                debug_uart_callback
 .text.__NVIC_EnableIRQ
                0x000000000800098c       0x3c Src/esp82xx_driver.o
 .text.debug_uart_init
                0x00000000080009c8       0xf8 Src/esp82xx_driver.o
                0x00000000080009c8                debug_uart_init
 .text.esp_rs_pin_init
                0x0000000008000ac0       0x3c Src/esp82xx_driver.o
                0x0000000008000ac0                esp_rs_pin_init
 .text.esp_rs_pin_enable
                0x0000000008000afc       0x20 Src/esp82xx_driver.o
                0x0000000008000afc                esp_rs_pin_enable
 .text.esp_uart_init
                0x0000000008000b1c       0xf8 Src/esp82xx_driver.o
                0x0000000008000b1c                esp_uart_init
 .text.systick_delay_ms
                0x0000000008000c14       0x54 Src/esp82xx_driver.o
                0x0000000008000c14                systick_delay_ms
 .text.compute_uart_bd
                0x0000000008000c68       0x26 Src/esp82xx_driver.o
 .text.esp82xx_device_init
                0x0000000008000c8e       0x2e Src/esp82xx_lib.o
                0x0000000008000c8e                esp82xx_device_init
 .text.esp82xx_reset
                0x0000000008000cbc       0x4c Src/esp82xx_lib.o
 .text.esp82xx_startup_test
                0x0000000008000d08       0x4c Src/esp82xx_lib.o
 .text.esp82xx_sta_mode
                0x0000000008000d54       0x4c Src/esp82xx_lib.o
 .text.esp82xx_ap_connect
                0x0000000008000da0       0x8c Src/esp82xx_lib.o
 .text.esp82xx_single_conn_en
                0x0000000008000e2c       0x4c Src/esp82xx_lib.o
 .text.buffer_reset
                0x0000000008000e78       0x3a Src/esp82xx_lib.o
 *fill*         0x0000000008000eb2        0x2 
 .text.espxx_thingspeak_send_multi_field
                0x0000000008000eb4      0x1a8 Src/esp82xx_lib.o
                0x0000000008000eb4                espxx_thingspeak_send_multi_field
 .text.USART1_IRQHandler
                0x000000000800105c        0xc Src/esp82xx_lib.o
                0x000000000800105c                USART1_IRQHandler
 .text.USART2_IRQHandler
                0x0000000008001068        0xc Src/esp82xx_lib.o
                0x0000000008001068                USART2_IRQHandler
 .text.light_init
                0x0000000008001074       0x3c Src/hardware_modules.o
                0x0000000008001074                light_init
 .text.valve_init
                0x00000000080010b0       0x3c Src/hardware_modules.o
                0x00000000080010b0                valve_init
 .text.pump_init
                0x00000000080010ec       0x3c Src/hardware_modules.o
                0x00000000080010ec                pump_init
 .text.gripper_init
                0x0000000008001128       0x3c Src/hardware_modules.o
                0x0000000008001128                gripper_init
 .text.main     0x0000000008001164       0x84 Src/main.o
                0x0000000008001164                main
 .text._sbrk    0x00000000080011e8       0x6c Src/sysmem.o
                0x00000000080011e8                _sbrk
 .text.Reset_Handler
                0x0000000008001254       0x50 Startup/startup_stm32f411retx.o
                0x0000000008001254                Reset_Handler
 .text.Default_Handler
                0x00000000080012a4        0x2 Startup/startup_stm32f411retx.o
                0x00000000080012a4                RTC_Alarm_IRQHandler
                0x00000000080012a4                EXTI2_IRQHandler
                0x00000000080012a4                DebugMon_Handler
                0x00000000080012a4                SPI4_IRQHandler
                0x00000000080012a4                TIM1_CC_IRQHandler
                0x00000000080012a4                DMA2_Stream5_IRQHandler
                0x00000000080012a4                HardFault_Handler
                0x00000000080012a4                DMA1_Stream5_IRQHandler
                0x00000000080012a4                SysTick_Handler
                0x00000000080012a4                PVD_IRQHandler
                0x00000000080012a4                SDIO_IRQHandler
                0x00000000080012a4                TAMP_STAMP_IRQHandler
                0x00000000080012a4                PendSV_Handler
                0x00000000080012a4                NMI_Handler
                0x00000000080012a4                EXTI3_IRQHandler
                0x00000000080012a4                TIM1_UP_TIM10_IRQHandler
                0x00000000080012a4                I2C3_ER_IRQHandler
                0x00000000080012a4                EXTI0_IRQHandler
                0x00000000080012a4                I2C2_EV_IRQHandler
                0x00000000080012a4                DMA1_Stream2_IRQHandler
                0x00000000080012a4                FPU_IRQHandler
                0x00000000080012a4                UsageFault_Handler
                0x00000000080012a4                DMA2_Stream2_IRQHandler
                0x00000000080012a4                SPI1_IRQHandler
                0x00000000080012a4                TIM1_BRK_TIM9_IRQHandler
                0x00000000080012a4                DMA2_Stream3_IRQHandler
                0x00000000080012a4                USART6_IRQHandler
                0x00000000080012a4                DMA2_Stream0_IRQHandler
                0x00000000080012a4                TIM4_IRQHandler
                0x00000000080012a4                I2C1_EV_IRQHandler
                0x00000000080012a4                DMA1_Stream6_IRQHandler
                0x00000000080012a4                DMA1_Stream1_IRQHandler
                0x00000000080012a4                TIM3_IRQHandler
                0x00000000080012a4                RCC_IRQHandler
                0x00000000080012a4                Default_Handler
                0x00000000080012a4                EXTI15_10_IRQHandler
                0x00000000080012a4                ADC_IRQHandler
                0x00000000080012a4                DMA1_Stream7_IRQHandler
                0x00000000080012a4                SPI5_IRQHandler
                0x00000000080012a4                TIM5_IRQHandler
                0x00000000080012a4                DMA2_Stream7_IRQHandler
                0x00000000080012a4                I2C3_EV_IRQHandler
                0x00000000080012a4                EXTI9_5_IRQHandler
                0x00000000080012a4                RTC_WKUP_IRQHandler
                0x00000000080012a4                SPI2_IRQHandler
                0x00000000080012a4                MemManage_Handler
                0x00000000080012a4                DMA1_Stream0_IRQHandler
                0x00000000080012a4                SVC_Handler
                0x00000000080012a4                EXTI4_IRQHandler
                0x00000000080012a4                WWDG_IRQHandler
                0x00000000080012a4                TIM2_IRQHandler
                0x00000000080012a4                OTG_FS_WKUP_IRQHandler
                0x00000000080012a4                TIM1_TRG_COM_TIM11_IRQHandler
                0x00000000080012a4                EXTI1_IRQHandler
                0x00000000080012a4                I2C2_ER_IRQHandler
                0x00000000080012a4                DMA2_Stream1_IRQHandler
                0x00000000080012a4                FLASH_IRQHandler
                0x00000000080012a4                DMA2_Stream4_IRQHandler
                0x00000000080012a4                BusFault_Handler
                0x00000000080012a4                OTG_FS_IRQHandler
                0x00000000080012a4                SPI3_IRQHandler
                0x00000000080012a4                DMA1_Stream4_IRQHandler
                0x00000000080012a4                I2C1_ER_IRQHandler
                0x00000000080012a4                DMA2_Stream6_IRQHandler
                0x00000000080012a4                DMA1_Stream3_IRQHandler
 *fill*         0x00000000080012a6        0x2 
 .text.__errno  0x00000000080012a8        0xc c:/st/stm32cubeide_1.6.1/stm32cubeide/plugins/com.st.stm32cube.ide.mcu.externaltools.gnu-tools-for-stm32.9-2020-q2-update.win32_1.5.0.202011040924/tools/bin/../lib/gcc/arm-none-eabi/9.3.1/../../../../arm-none-eabi/lib/thumb/v7e-m+fp/hard\libc_nano.a(lib_a-errno.o)
                0x00000000080012a8                __errno
 .text.__libc_init_array
                0x00000000080012b4       0x48 c:/st/stm32cubeide_1.6.1/stm32cubeide/plugins/com.st.stm32cube.ide.mcu.externaltools.gnu-tools-for-stm32.9-2020-q2-update.win32_1.5.0.202011040924/tools/bin/../lib/gcc/arm-none-eabi/9.3.1/../../../../arm-none-eabi/lib/thumb/v7e-m+fp/hard\libc_nano.a(lib_a-init.o)
                0x00000000080012b4                __libc_init_array
 .text.memset   0x00000000080012fc       0x10 c:/st/stm32cubeide_1.6.1/stm32cubeide/plugins/com.st.stm32cube.ide.mcu.externaltools.gnu-tools-for-stm32.9-2020-q2-update.win32_1.5.0.202011040924/tools/bin/../lib/gcc/arm-none-eabi/9.3.1/../../../../arm-none-eabi/lib/thumb/v7e-m+fp/hard\libc_nano.a(lib_a-memset.o)
                0x00000000080012fc                memset
 .text.sprintf  0x000000000800130c       0x40 c:/st/stm32cubeide_1.6.1/stm32cubeide/plugins/com.st.stm32cube.ide.mcu.externaltools.gnu-tools-for-stm32.9-2020-q2-update.win32_1.5.0.202011040924/tools/bin/../lib/gcc/arm-none-eabi/9.3.1/../../../../arm-none-eabi/lib/thumb/v7e-m+fp/hard\libc_nano.a(lib_a-sprintf.o)
                0x000000000800130c                siprintf
                0x000000000800130c                sprintf
 .text.strcat   0x000000000800134c       0x1e c:/st/stm32cubeide_1.6.1/stm32cubeide/plugins/com.st.stm32cube.ide.mcu.externaltools.gnu-tools-for-stm32.9-2020-q2-update.win32_1.5.0.202011040924/tools/bin/../lib/gcc/arm-none-eabi/9.3.1/../../../../arm-none-eabi/lib/thumb/v7e-m+fp/hard\libc_nano.a(lib_a-strcat.o)
                0x000000000800134c                strcat
 .text.__ssputs_r
                0x000000000800136a       0xb6 c:/st/stm32cubeide_1.6.1/stm32cubeide/plugins/com.st.stm32cube.ide.mcu.externaltools.gnu-tools-for-stm32.9-2020-q2-update.win32_1.5.0.202011040924/tools/bin/../lib/gcc/arm-none-eabi/9.3.1/../../../../arm-none-eabi/lib/thumb/v7e-m+fp/hard\libc_nano.a(lib_a-nano-svfprintf.o)
                0x000000000800136a                __ssputs_r
 .text._svfprintf_r
                0x0000000008001420      0x200 c:/st/stm32cubeide_1.6.1/stm32cubeide/plugins/com.st.stm32cube.ide.mcu.externaltools.gnu-tools-for-stm32.9-2020-q2-update.win32_1.5.0.202011040924/tools/bin/../lib/gcc/arm-none-eabi/9.3.1/../../../../arm-none-eabi/lib/thumb/v7e-m+fp/hard\libc_nano.a(lib_a-nano-svfprintf.o)
                0x0000000008001420                _svfiprintf_r
                0x0000000008001420                _svfprintf_r
 .text._printf_common
                0x0000000008001620       0xda c:/st/stm32cubeide_1.6.1/stm32cubeide/plugins/com.st.stm32cube.ide.mcu.externaltools.gnu-tools-for-stm32.9-2020-q2-update.win32_1.5.0.202011040924/tools/bin/../lib/gcc/arm-none-eabi/9.3.1/../../../../arm-none-eabi/lib/thumb/v7e-m+fp/hard\libc_nano.a(lib_a-nano-vfprintf_i.o)
                0x0000000008001620                _printf_common
 *fill*         0x00000000080016fa        0x2 
 .text._printf_i
                0x00000000080016fc      0x24c c:/st/stm32cubeide_1.6.1/stm32cubeide/plugins/com.st.stm32cube.ide.mcu.externaltools.gnu-tools-for-stm32.9-2020-q2-update.win32_1.5.0.202011040924/tools/bin/../lib/gcc/arm-none-eabi/9.3.1/../../../../arm-none-eabi/lib/thumb/v7e-m+fp/hard\libc_nano.a(lib_a-nano-vfprintf_i.o)
                0x00000000080016fc                _printf_i
 .text.memcpy   0x0000000008001948       0x1c c:/st/stm32cubeide_1.6.1/stm32cubeide/plugins/com.st.stm32cube.ide.mcu.externaltools.gnu-tools-for-stm32.9-2020-q2-update.win32_1.5.0.202011040924/tools/bin/../lib/gcc/arm-none-eabi/9.3.1/../../../../arm-none-eabi/lib/thumb/v7e-m+fp/hard\libc_nano.a(lib_a-memcpy-stub.o)
                0x0000000008001948                memcpy
 .text.memmove  0x0000000008001964       0x34 c:/st/stm32cubeide_1.6.1/stm32cubeide/plugins/com.st.stm32cube.ide.mcu.externaltools.gnu-tools-for-stm32.9-2020-q2-update.win32_1.5.0.202011040924/tools/bin/../lib/gcc/arm-none-eabi/9.3.1/../../../../arm-none-eabi/lib/thumb/v7e-m+fp/hard\libc_nano.a(lib_a-memmove.o)
                0x0000000008001964                memmove
 .text._free_r  0x0000000008001998       0xa0 c:/st/stm32cubeide_1.6.1/stm32cubeide/plugins/com.st.stm32cube.ide.mcu.externaltools.gnu-tools-for-stm32.9-2020-q2-update.win32_1.5.0.202011040924/tools/bin/../lib/gcc/arm-none-eabi/9.3.1/../../../../arm-none-eabi/lib/thumb/v7e-m+fp/hard\libc_nano.a(lib_a-nano-freer.o)
                0x0000000008001998                _free_r
 .text._malloc_r
                0x0000000008001a38       0xb4 c:/st/stm32cubeide_1.6.1/stm32cubeide/plugins/com.st.stm32cube.ide.mcu.externaltools.gnu-tools-for-stm32.9-2020-q2-update.win32_1.5.0.202011040924/tools/bin/../lib/gcc/arm-none-eabi/9.3.1/../../../../arm-none-eabi/lib/thumb/v7e-m+fp/hard\libc_nano.a(lib_a-nano-mallocr.o)
                0x0000000008001a38                _malloc_r
 .text._realloc_r
                0x0000000008001aec       0x4c c:/st/stm32cubeide_1.6.1/stm32cubeide/plugins/com.st.stm32cube.ide.mcu.externaltools.gnu-tools-for-stm32.9-2020-q2-update.win32_1.5.0.202011040924/tools/bin/../lib/gcc/arm-none-eabi/9.3.1/../../../../arm-none-eabi/lib/thumb/v7e-m+fp/hard\libc_nano.a(lib_a-nano-reallocr.o)
                0x0000000008001aec                _realloc_r
 .text._sbrk_r  0x0000000008001b38       0x20 c:/st/stm32cubeide_1.6.1/stm32cubeide/plugins/com.st.stm32cube.ide.mcu.externaltools.gnu-tools-for-stm32.9-2020-q2-update.win32_1.5.0.202011040924/tools/bin/../lib/gcc/arm-none-eabi/9.3.1/../../../../arm-none-eabi/lib/thumb/v7e-m+fp/hard\libc_nano.a(lib_a-sbrkr.o)
                0x0000000008001b38                _sbrk_r
 .text.__malloc_lock
                0x0000000008001b58        0xc c:/st/stm32cubeide_1.6.1/stm32cubeide/plugins/com.st.stm32cube.ide.mcu.externaltools.gnu-tools-for-stm32.9-2020-q2-update.win32_1.5.0.202011040924/tools/bin/../lib/gcc/arm-none-eabi/9.3.1/../../../../arm-none-eabi/lib/thumb/v7e-m+fp/hard\libc_nano.a(lib_a-mlock.o)
                0x0000000008001b58                __malloc_lock
 .text.__malloc_unlock
                0x0000000008001b64        0xc c:/st/stm32cubeide_1.6.1/stm32cubeide/plugins/com.st.stm32cube.ide.mcu.externaltools.gnu-tools-for-stm32.9-2020-q2-update.win32_1.5.0.202011040924/tools/bin/../lib/gcc/arm-none-eabi/9.3.1/../../../../arm-none-eabi/lib/thumb/v7e-m+fp/hard\libc_nano.a(lib_a-mlock.o)
                0x0000000008001b64                __malloc_unlock
 .text._malloc_usable_size_r
                0x0000000008001b70       0x10 c:/st/stm32cubeide_1.6.1/stm32cubeide/plugins/com.st.stm32cube.ide.mcu.externaltools.gnu-tools-for-stm32.9-2020-q2-update.win32_1.5.0.202011040924/tools/bin/../lib/gcc/arm-none-eabi/9.3.1/../../../../arm-none-eabi/lib/thumb/v7e-m+fp/hard\libc_nano.a(lib_a-nano-msizer.o)
                0x0000000008001b70                _malloc_usable_size_r
 .text.__retarget_lock_acquire_recursive
                0x0000000008001b80        0x2 c:/st/stm32cubeide_1.6.1/stm32cubeide/plugins/com.st.stm32cube.ide.mcu.externaltools.gnu-tools-for-stm32.9-2020-q2-update.win32_1.5.0.202011040924/tools/bin/../lib/gcc/arm-none-eabi/9.3.1/../../../../arm-none-eabi/lib/thumb/v7e-m+fp/hard\libc_nano.a(lib_a-lock.o)
                0x0000000008001b80                __retarget_lock_acquire_recursive
 .text.__retarget_lock_release_recursive
                0x0000000008001b82        0x2 c:/st/stm32cubeide_1.6.1/stm32cubeide/plugins/com.st.stm32cube.ide.mcu.externaltools.gnu-tools-for-stm32.9-2020-q2-update.win32_1.5.0.202011040924/tools/bin/../lib/gcc/arm-none-eabi/9.3.1/../../../../arm-none-eabi/lib/thumb/v7e-m+fp/hard\libc_nano.a(lib_a-lock.o)
                0x0000000008001b82                __retarget_lock_release_recursive
 *(.glue_7)
 .glue_7        0x0000000008001b84        0x0 linker stubs
 *(.glue_7t)
 .glue_7t       0x0000000008001b84        0x0 linker stubs
 *(.eh_frame)
 .eh_frame      0x0000000008001b84        0x0 c:/st/stm32cubeide_1.6.1/stm32cubeide/plugins/com.st.stm32cube.ide.mcu.externaltools.gnu-tools-for-stm32.9-2020-q2-update.win32_1.5.0.202011040924/tools/bin/../lib/gcc/arm-none-eabi/9.3.1/thumb/v7e-m+fp/hard/crtbegin.o
 *(.init)
 .init          0x0000000008001b84        0x4 c:/st/stm32cubeide_1.6.1/stm32cubeide/plugins/com.st.stm32cube.ide.mcu.externaltools.gnu-tools-for-stm32.9-2020-q2-update.win32_1.5.0.202011040924/tools/bin/../lib/gcc/arm-none-eabi/9.3.1/thumb/v7e-m+fp/hard/crti.o
                0x0000000008001b84                _init
 .init          0x0000000008001b88        0x8 c:/st/stm32cubeide_1.6.1/stm32cubeide/plugins/com.st.stm32cube.ide.mcu.externaltools.gnu-tools-for-stm32.9-2020-q2-update.win32_1.5.0.202011040924/tools/bin/../lib/gcc/arm-none-eabi/9.3.1/thumb/v7e-m+fp/hard/crtn.o
 *(.fini)
 .fini          0x0000000008001b90        0x4 c:/st/stm32cubeide_1.6.1/stm32cubeide/plugins/com.st.stm32cube.ide.mcu.externaltools.gnu-tools-for-stm32.9-2020-q2-update.win32_1.5.0.202011040924/tools/bin/../lib/gcc/arm-none-eabi/9.3.1/thumb/v7e-m+fp/hard/crti.o
                0x0000000008001b90                _fini
 .fini          0x0000000008001b94        0x8 c:/st/stm32cubeide_1.6.1/stm32cubeide/plugins/com.st.stm32cube.ide.mcu.externaltools.gnu-tools-for-stm32.9-2020-q2-update.win32_1.5.0.202011040924/tools/bin/../lib/gcc/arm-none-eabi/9.3.1/thumb/v7e-m+fp/hard/crtn.o
                0x0000000008001b9c                . = ALIGN (0x4)
                0x0000000008001b9c                _etext = .

.vfp11_veneer   0x0000000008001b9c        0x0
 .vfp11_veneer  0x0000000008001b9c        0x0 linker stubs

.v4_bx          0x0000000008001b9c        0x0
 .v4_bx         0x0000000008001b9c        0x0 linker stubs

.iplt           0x0000000008001b9c        0x0
 .iplt          0x0000000008001b9c        0x0 c:/st/stm32cubeide_1.6.1/stm32cubeide/plugins/com.st.stm32cube.ide.mcu.externaltools.gnu-tools-for-stm32.9-2020-q2-update.win32_1.5.0.202011040924/tools/bin/../lib/gcc/arm-none-eabi/9.3.1/thumb/v7e-m+fp/hard/crtbegin.o

.rodata         0x0000000008001b9c     0x1d74
                0x0000000008001b9c                . = ALIGN (0x4)
 *(.rodata)
 .rodata        0x0000000008001b9c     0x1d11 Src/esp82xx_lib.o
 *fill*         0x00000000080038ad        0x3 
 .rodata        0x00000000080038b0       0x2d Src/main.o
 *(.rodata*)
 .rodata._svfprintf_r.str1.1
                0x00000000080038dd       0x11 c:/st/stm32cubeide_1.6.1/stm32cubeide/plugins/com.st.stm32cube.ide.mcu.externaltools.gnu-tools-for-stm32.9-2020-q2-update.win32_1.5.0.202011040924/tools/bin/../lib/gcc/arm-none-eabi/9.3.1/../../../../arm-none-eabi/lib/thumb/v7e-m+fp/hard\libc_nano.a(lib_a-nano-svfprintf.o)
 .rodata._printf_i.str1.1
                0x00000000080038ee       0x22 c:/st/stm32cubeide_1.6.1/stm32cubeide/plugins/com.st.stm32cube.ide.mcu.externaltools.gnu-tools-for-stm32.9-2020-q2-update.win32_1.5.0.202011040924/tools/bin/../lib/gcc/arm-none-eabi/9.3.1/../../../../arm-none-eabi/lib/thumb/v7e-m+fp/hard\libc_nano.a(lib_a-nano-vfprintf_i.o)
                0x0000000008003910                . = ALIGN (0x4)

.rel.dyn        0x0000000008003910        0x0
 .rel.iplt      0x0000000008003910        0x0 c:/st/stm32cubeide_1.6.1/stm32cubeide/plugins/com.st.stm32cube.ide.mcu.externaltools.gnu-tools-for-stm32.9-2020-q2-update.win32_1.5.0.202011040924/tools/bin/../lib/gcc/arm-none-eabi/9.3.1/thumb/v7e-m+fp/hard/crtbegin.o

.ARM.extab      0x0000000008003910        0x0
                0x0000000008003910                . = ALIGN (0x4)
 *(.ARM.extab* .gnu.linkonce.armextab.*)
                0x0000000008003910                . = ALIGN (0x4)

.ARM            0x0000000008003910        0x0
                0x0000000008003910                . = ALIGN (0x4)
                0x0000000008003910                __exidx_start = .
 *(.ARM.exidx*)
                0x0000000008003910                __exidx_end = .
                0x0000000008003910                . = ALIGN (0x4)

.preinit_array  0x0000000008003910        0x0
                0x0000000008003910                . = ALIGN (0x4)
                0x0000000008003910                PROVIDE (__preinit_array_start = .)
 *(.preinit_array*)
                0x0000000008003910                PROVIDE (__preinit_array_end = .)
                0x0000000008003910                . = ALIGN (0x4)

.init_array     0x0000000008003910        0x4
                0x0000000008003910                . = ALIGN (0x4)
                0x0000000008003910                PROVIDE (__init_array_start = .)
 *(SORT_BY_NAME(.init_array.*))
 *(.init_array*)
 .init_array    0x0000000008003910        0x4 c:/st/stm32cubeide_1.6.1/stm32cubeide/plugins/com.st.stm32cube.ide.mcu.externaltools.gnu-tools-for-stm32.9-2020-q2-update.win32_1.5.0.202011040924/tools/bin/../lib/gcc/arm-none-eabi/9.3.1/thumb/v7e-m+fp/hard/crtbegin.o
                0x0000000008003914                PROVIDE (__init_array_end = .)
                0x0000000008003914                . = ALIGN (0x4)

.fini_array     0x0000000008003914        0x4
                0x0000000008003914                . = ALIGN (0x4)
                [!provide]                        PROVIDE (__fini_array_start = .)
 *(SORT_BY_NAME(.fini_array.*))
 *(.fini_array*)
 .fini_array    0x0000000008003914        0x4 c:/st/stm32cubeide_1.6.1/stm32cubeide/plugins/com.st.stm32cube.ide.mcu.externaltools.gnu-tools-for-stm32.9-2020-q2-update.win32_1.5.0.202011040924/tools/bin/../lib/gcc/arm-none-eabi/9.3.1/thumb/v7e-m+fp/hard/crtbegin.o
                [!provide]                        PROVIDE (__fini_array_end = .)
                0x0000000008003918                . = ALIGN (0x4)
                0x0000000008003918                _sidata = LOADADDR (.data)

.data           0x0000000020000000       0x68 load address 0x0000000008003918
                0x0000000020000000                . = ALIGN (0x4)
                0x0000000020000000                _sdata = .
 *(.data)
 *(.data*)
 .data.esp82xx_port
                0x0000000020000000        0x1 Src/circular_buffer.o
                0x0000000020000000                esp82xx_port
 *fill*         0x0000000020000001        0x3 
 .data._impure_ptr
                0x0000000020000004        0x4 c:/st/stm32cubeide_1.6.1/stm32cubeide/plugins/com.st.stm32cube.ide.mcu.externaltools.gnu-tools-for-stm32.9-2020-q2-update.win32_1.5.0.202011040924/tools/bin/../lib/gcc/arm-none-eabi/9.3.1/../../../../arm-none-eabi/lib/thumb/v7e-m+fp/hard\libc_nano.a(lib_a-impure.o)
                0x0000000020000004                _impure_ptr
 .data.impure_data
                0x0000000020000008       0x60 c:/st/stm32cubeide_1.6.1/stm32cubeide/plugins/com.st.stm32cube.ide.mcu.externaltools.gnu-tools-for-stm32.9-2020-q2-update.win32_1.5.0.202011040924/tools/bin/../lib/gcc/arm-none-eabi/9.3.1/../../../../arm-none-eabi/lib/thumb/v7e-m+fp/hard\libc_nano.a(lib_a-impure.o)
 *(.RamFunc)
 *(.RamFunc*)
                0x0000000020000068                . = ALIGN (0x4)
                0x0000000020000068                _edata = .

.igot.plt       0x0000000020000068        0x0 load address 0x0000000008003980
 .igot.plt      0x0000000020000068        0x0 c:/st/stm32cubeide_1.6.1/stm32cubeide/plugins/com.st.stm32cube.ide.mcu.externaltools.gnu-tools-for-stm32.9-2020-q2-update.win32_1.5.0.202011040924/tools/bin/../lib/gcc/arm-none-eabi/9.3.1/thumb/v7e-m+fp/hard/crtbegin.o
                0x0000000020000068                . = ALIGN (0x4)

.bss            0x0000000020000068      0x87c load address 0x0000000008003980
                0x0000000020000068                _sbss = .
                0x0000000020000068                __bss_start__ = _sbss
 *(.bss)
 .bss           0x0000000020000068       0x1c c:/st/stm32cubeide_1.6.1/stm32cubeide/plugins/com.st.stm32cube.ide.mcu.externaltools.gnu-tools-for-stm32.9-2020-q2-update.win32_1.5.0.202011040924/tools/bin/../lib/gcc/arm-none-eabi/9.3.1/thumb/v7e-m+fp/hard/crtbegin.o
 *(.bss*)
 .bss.debug_port
                0x0000000020000084        0x1 Src/circular_buffer.o
                0x0000000020000084                debug_port
 *fill*         0x0000000020000085        0x3 
 .bss.rx_buffer1
                0x0000000020000088      0x208 Src/circular_buffer.o
                0x0000000020000088                rx_buffer1
 .bss.tx_buffer1
                0x0000000020000290      0x208 Src/circular_buffer.o
                0x0000000020000290                tx_buffer1
 .bss.rx_buffer2
                0x0000000020000498      0x208 Src/circular_buffer.o
                0x0000000020000498                rx_buffer2
 .bss.tx_buffer2
                0x00000000200006a0      0x208 Src/circular_buffer.o
                0x00000000200006a0                tx_buffer2
 .bss.__sbrk_heap_end
                0x00000000200008a8        0x4 Src/sysmem.o
 .bss.__malloc_free_list
                0x00000000200008ac        0x4 c:/st/stm32cubeide_1.6.1/stm32cubeide/plugins/com.st.stm32cube.ide.mcu.externaltools.gnu-tools-for-stm32.9-2020-q2-update.win32_1.5.0.202011040924/tools/bin/../lib/gcc/arm-none-eabi/9.3.1/../../../../arm-none-eabi/lib/thumb/v7e-m+fp/hard\libc_nano.a(lib_a-nano-mallocr.o)
                0x00000000200008ac                __malloc_free_list
 .bss.__malloc_sbrk_start
                0x00000000200008b0        0x4 c:/st/stm32cubeide_1.6.1/stm32cubeide/plugins/com.st.stm32cube.ide.mcu.externaltools.gnu-tools-for-stm32.9-2020-q2-update.win32_1.5.0.202011040924/tools/bin/../lib/gcc/arm-none-eabi/9.3.1/../../../../arm-none-eabi/lib/thumb/v7e-m+fp/hard\libc_nano.a(lib_a-nano-mallocr.o)
                0x00000000200008b0                __malloc_sbrk_start
 *(COMMON)
 COMMON         0x00000000200008b4       0x10 Src/circular_buffer.o
                0x00000000200008b4                _tx_buffer2
                0x00000000200008b8                _rx_buffer1
                0x00000000200008bc                _tx_buffer1
                0x00000000200008c0                _rx_buffer2
 COMMON         0x00000000200008c4       0x10 Src/main.o
                0x00000000200008c4                packet
                0x00000000200008cc                filtered_value
                0x00000000200008d0                sensor_value
 COMMON         0x00000000200008d4        0x4 c:/st/stm32cubeide_1.6.1/stm32cubeide/plugins/com.st.stm32cube.ide.mcu.externaltools.gnu-tools-for-stm32.9-2020-q2-update.win32_1.5.0.202011040924/tools/bin/../lib/gcc/arm-none-eabi/9.3.1/../../../../arm-none-eabi/lib/thumb/v7e-m+fp/hard\libc_nano.a(lib_a-reent.o)
                0x00000000200008d4                errno
 COMMON         0x00000000200008d8        0x9 c:/st/stm32cubeide_1.6.1/stm32cubeide/plugins/com.st.stm32cube.ide.mcu.externaltools.gnu-tools-for-stm32.9-2020-q2-update.win32_1.5.0.202011040924/tools/bin/../lib/gcc/arm-none-eabi/9.3.1/../../../../arm-none-eabi/lib/thumb/v7e-m+fp/hard\libc_nano.a(lib_a-lock.o)
                0x00000000200008d8                __lock___atexit_recursive_mutex
                0x00000000200008d9                __lock___arc4random_mutex
                0x00000000200008da                __lock___env_recursive_mutex
                0x00000000200008db                __lock___sinit_recursive_mutex
                0x00000000200008dc                __lock___malloc_recursive_mutex
                0x00000000200008dd                __lock___at_quick_exit_mutex
                0x00000000200008de                __lock___dd_hash_mutex
                0x00000000200008df                __lock___tz_mutex
                0x00000000200008e0                __lock___sfp_recursive_mutex
                0x00000000200008e4                . = ALIGN (0x4)
 *fill*         0x00000000200008e1        0x3 
                0x00000000200008e4                _ebss = .
                0x00000000200008e4                __bss_end__ = _ebss

._user_heap_stack
                0x00000000200008e4      0x604 load address 0x0000000008003980
                0x00000000200008e8                . = ALIGN (0x8)
 *fill*         0x00000000200008e4        0x4 
                [!provide]                        PROVIDE (end = .)
                0x00000000200008e8                PROVIDE (_end = .)
                0x0000000020000ae8                . = (. + _Min_Heap_Size)
 *fill*         0x00000000200008e8      0x200 
                0x0000000020000ee8                . = (. + _Min_Stack_Size)
 *fill*         0x0000000020000ae8      0x400 
                0x0000000020000ee8                . = ALIGN (0x8)

/DISCARD/
 libc.a(*)
 libm.a(*)
 libgcc.a(*)

.ARM.attributes
                0x0000000000000000       0x30
 *(.ARM.attributes)
 .ARM.attributes
                0x0000000000000000       0x1e c:/st/stm32cubeide_1.6.1/stm32cubeide/plugins/com.st.stm32cube.ide.mcu.externaltools.gnu-tools-for-stm32.9-2020-q2-update.win32_1.5.0.202011040924/tools/bin/../lib/gcc/arm-none-eabi/9.3.1/thumb/v7e-m+fp/hard/crti.o
 .ARM.attributes
                0x000000000000001e       0x34 c:/st/stm32cubeide_1.6.1/stm32cubeide/plugins/com.st.stm32cube.ide.mcu.externaltools.gnu-tools-for-stm32.9-2020-q2-update.win32_1.5.0.202011040924/tools/bin/../lib/gcc/arm-none-eabi/9.3.1/thumb/v7e-m+fp/hard/crtbegin.o
 .ARM.attributes
                0x0000000000000052       0x34 Src/adc.o
 .ARM.attributes
                0x0000000000000086       0x34 Src/circular_buffer.o
 .ARM.attributes
                0x00000000000000ba       0x34 Src/esp82xx_driver.o
 .ARM.attributes
                0x00000000000000ee       0x34 Src/esp82xx_lib.o
 .ARM.attributes
                0x0000000000000122       0x34 Src/hardware_modules.o
 .ARM.attributes
                0x0000000000000156       0x34 Src/main.o
 .ARM.attributes
                0x000000000000018a       0x34 Src/sysmem.o
 .ARM.attributes
                0x00000000000001be       0x21 Startup/startup_stm32f411retx.o
 .ARM.attributes
                0x00000000000001df       0x34 c:/st/stm32cubeide_1.6.1/stm32cubeide/plugins/com.st.stm32cube.ide.mcu.externaltools.gnu-tools-for-stm32.9-2020-q2-update.win32_1.5.0.202011040924/tools/bin/../lib/gcc/arm-none-eabi/9.3.1/../../../../arm-none-eabi/lib/thumb/v7e-m+fp/hard\libc_nano.a(lib_a-errno.o)
 .ARM.attributes
                0x0000000000000213       0x32 c:/st/stm32cubeide_1.6.1/stm32cubeide/plugins/com.st.stm32cube.ide.mcu.externaltools.gnu-tools-for-stm32.9-2020-q2-update.win32_1.5.0.202011040924/tools/bin/../lib/gcc/arm-none-eabi/9.3.1/../../../../arm-none-eabi/lib/thumb/v7e-m+fp/hard\libc_nano.a(lib_a-impure.o)
 .ARM.attributes
                0x0000000000000245       0x34 c:/st/stm32cubeide_1.6.1/stm32cubeide/plugins/com.st.stm32cube.ide.mcu.externaltools.gnu-tools-for-stm32.9-2020-q2-update.win32_1.5.0.202011040924/tools/bin/../lib/gcc/arm-none-eabi/9.3.1/../../../../arm-none-eabi/lib/thumb/v7e-m+fp/hard\libc_nano.a(lib_a-init.o)
 .ARM.attributes
                0x0000000000000279       0x34 c:/st/stm32cubeide_1.6.1/stm32cubeide/plugins/com.st.stm32cube.ide.mcu.externaltools.gnu-tools-for-stm32.9-2020-q2-update.win32_1.5.0.202011040924/tools/bin/../lib/gcc/arm-none-eabi/9.3.1/../../../../arm-none-eabi/lib/thumb/v7e-m+fp/hard\libc_nano.a(lib_a-memset.o)
 .ARM.attributes
                0x00000000000002ad       0x34 c:/st/stm32cubeide_1.6.1/stm32cubeide/plugins/com.st.stm32cube.ide.mcu.externaltools.gnu-tools-for-stm32.9-2020-q2-update.win32_1.5.0.202011040924/tools/bin/../lib/gcc/arm-none-eabi/9.3.1/../../../../arm-none-eabi/lib/thumb/v7e-m+fp/hard\libc_nano.a(lib_a-sprintf.o)
 .ARM.attributes
                0x00000000000002e1       0x34 c:/st/stm32cubeide_1.6.1/stm32cubeide/plugins/com.st.stm32cube.ide.mcu.externaltools.gnu-tools-for-stm32.9-2020-q2-update.win32_1.5.0.202011040924/tools/bin/../lib/gcc/arm-none-eabi/9.3.1/../../../../arm-none-eabi/lib/thumb/v7e-m+fp/hard\libc_nano.a(lib_a-strcat.o)
 .ARM.attributes
                0x0000000000000315       0x17 c:/st/stm32cubeide_1.6.1/stm32cubeide/plugins/com.st.stm32cube.ide.mcu.externaltools.gnu-tools-for-stm32.9-2020-q2-update.win32_1.5.0.202011040924/tools/bin/../lib/gcc/arm-none-eabi/9.3.1/../../../../arm-none-eabi/lib/thumb/v7e-m+fp/hard\libc_nano.a(lib_a-strlen.o)
 .ARM.attributes
                0x000000000000032c       0x34 c:/st/stm32cubeide_1.6.1/stm32cubeide/plugins/com.st.stm32cube.ide.mcu.externaltools.gnu-tools-for-stm32.9-2020-q2-update.win32_1.5.0.202011040924/tools/bin/../lib/gcc/arm-none-eabi/9.3.1/../../../../arm-none-eabi/lib/thumb/v7e-m+fp/hard\libc_nano.a(lib_a-nano-svfprintf.o)
 .ARM.attributes
                0x0000000000000360       0x34 c:/st/stm32cubeide_1.6.1/stm32cubeide/plugins/com.st.stm32cube.ide.mcu.externaltools.gnu-tools-for-stm32.9-2020-q2-update.win32_1.5.0.202011040924/tools/bin/../lib/gcc/arm-none-eabi/9.3.1/../../../../arm-none-eabi/lib/thumb/v7e-m+fp/hard\libc_nano.a(lib_a-nano-vfprintf_i.o)
 .ARM.attributes
                0x0000000000000394       0x1c c:/st/stm32cubeide_1.6.1/stm32cubeide/plugins/com.st.stm32cube.ide.mcu.externaltools.gnu-tools-for-stm32.9-2020-q2-update.win32_1.5.0.202011040924/tools/bin/../lib/gcc/arm-none-eabi/9.3.1/../../../../arm-none-eabi/lib/thumb/v7e-m+fp/hard\libc_nano.a(lib_a-memchr.o)
 .ARM.attributes
                0x00000000000003b0       0x34 c:/st/stm32cubeide_1.6.1/stm32cubeide/plugins/com.st.stm32cube.ide.mcu.externaltools.gnu-tools-for-stm32.9-2020-q2-update.win32_1.5.0.202011040924/tools/bin/../lib/gcc/arm-none-eabi/9.3.1/../../../../arm-none-eabi/lib/thumb/v7e-m+fp/hard\libc_nano.a(lib_a-memcpy-stub.o)
 .ARM.attributes
                0x00000000000003e4       0x34 c:/st/stm32cubeide_1.6.1/stm32cubeide/plugins/com.st.stm32cube.ide.mcu.externaltools.gnu-tools-for-stm32.9-2020-q2-update.win32_1.5.0.202011040924/tools/bin/../lib/gcc/arm-none-eabi/9.3.1/../../../../arm-none-eabi/lib/thumb/v7e-m+fp/hard\libc_nano.a(lib_a-memmove.o)
 .ARM.attributes
                0x0000000000000418       0x34 c:/st/stm32cubeide_1.6.1/stm32cubeide/plugins/com.st.stm32cube.ide.mcu.externaltools.gnu-tools-for-stm32.9-2020-q2-update.win32_1.5.0.202011040924/tools/bin/../lib/gcc/arm-none-eabi/9.3.1/../../../../arm-none-eabi/lib/thumb/v7e-m+fp/hard\libc_nano.a(lib_a-nano-freer.o)
 .ARM.attributes
                0x000000000000044c       0x34 c:/st/stm32cubeide_1.6.1/stm32cubeide/plugins/com.st.stm32cube.ide.mcu.externaltools.gnu-tools-for-stm32.9-2020-q2-update.win32_1.5.0.202011040924/tools/bin/../lib/gcc/arm-none-eabi/9.3.1/../../../../arm-none-eabi/lib/thumb/v7e-m+fp/hard\libc_nano.a(lib_a-nano-mallocr.o)
 .ARM.attributes
                0x0000000000000480       0x34 c:/st/stm32cubeide_1.6.1/stm32cubeide/plugins/com.st.stm32cube.ide.mcu.externaltools.gnu-tools-for-stm32.9-2020-q2-update.win32_1.5.0.202011040924/tools/bin/../lib/gcc/arm-none-eabi/9.3.1/../../../../arm-none-eabi/lib/thumb/v7e-m+fp/hard\libc_nano.a(lib_a-nano-reallocr.o)
 .ARM.attributes
                0x00000000000004b4       0x34 c:/st/stm32cubeide_1.6.1/stm32cubeide/plugins/com.st.stm32cube.ide.mcu.externaltools.gnu-tools-for-stm32.9-2020-q2-update.win32_1.5.0.202011040924/tools/bin/../lib/gcc/arm-none-eabi/9.3.1/../../../../arm-none-eabi/lib/thumb/v7e-m+fp/hard\libc_nano.a(lib_a-sbrkr.o)
 .ARM.attributes
                0x00000000000004e8       0x34 c:/st/stm32cubeide_1.6.1/stm32cubeide/plugins/com.st.stm32cube.ide.mcu.externaltools.gnu-tools-for-stm32.9-2020-q2-update.win32_1.5.0.202011040924/tools/bin/../lib/gcc/arm-none-eabi/9.3.1/../../../../arm-none-eabi/lib/thumb/v7e-m+fp/hard\libc_nano.a(lib_a-mlock.o)
 .ARM.attributes
                0x000000000000051c       0x34 c:/st/stm32cubeide_1.6.1/stm32cubeide/plugins/com.st.stm32cube.ide.mcu.externaltools.gnu-tools-for-stm32.9-2020-q2-update.win32_1.5.0.202011040924/tools/bin/../lib/gcc/arm-none-eabi/9.3.1/../../../../arm-none-eabi/lib/thumb/v7e-m+fp/hard\libc_nano.a(lib_a-nano-msizer.o)
 .ARM.attributes
                0x0000000000000550       0x34 c:/st/stm32cubeide_1.6.1/stm32cubeide/plugins/com.st.stm32cube.ide.mcu.externaltools.gnu-tools-for-stm32.9-2020-q2-update.win32_1.5.0.202011040924/tools/bin/../lib/gcc/arm-none-eabi/9.3.1/../../../../arm-none-eabi/lib/thumb/v7e-m+fp/hard\libc_nano.a(lib_a-reent.o)
 .ARM.attributes
                0x0000000000000584       0x34 c:/st/stm32cubeide_1.6.1/stm32cubeide/plugins/com.st.stm32cube.ide.mcu.externaltools.gnu-tools-for-stm32.9-2020-q2-update.win32_1.5.0.202011040924/tools/bin/../lib/gcc/arm-none-eabi/9.3.1/../../../../arm-none-eabi/lib/thumb/v7e-m+fp/hard\libc_nano.a(lib_a-lock.o)
 .ARM.attributes
                0x00000000000005b8       0x1e c:/st/stm32cubeide_1.6.1/stm32cubeide/plugins/com.st.stm32cube.ide.mcu.externaltools.gnu-tools-for-stm32.9-2020-q2-update.win32_1.5.0.202011040924/tools/bin/../lib/gcc/arm-none-eabi/9.3.1/thumb/v7e-m+fp/hard/crtn.o
OUTPUT(13_esp82xx_multil_sensor_data_cloud.elf elf32-littlearm)
LOAD linker stubs
LOAD c:/st/stm32cubeide_1.6.1/stm32cubeide/plugins/com.st.stm32cube.ide.mcu.externaltools.gnu-tools-for-stm32.9-2020-q2-update.win32_1.5.0.202011040924/tools/bin/../lib/gcc/arm-none-eabi/9.3.1/../../../../arm-none-eabi/lib/thumb/v7e-m+fp/hard\libc.a
LOAD c:/st/stm32cubeide_1.6.1/stm32cubeide/plugins/com.st.stm32cube.ide.mcu.externaltools.gnu-tools-for-stm32.9-2020-q2-update.win32_1.5.0.202011040924/tools/bin/../lib/gcc/arm-none-eabi/9.3.1/../../../../arm-none-eabi/lib/thumb/v7e-m+fp/hard\libm.a
LOAD c:/st/stm32cubeide_1.6.1/stm32cubeide/plugins/com.st.stm32cube.ide.mcu.externaltools.gnu-tools-for-stm32.9-2020-q2-update.win32_1.5.0.202011040924/tools/bin/../lib/gcc/arm-none-eabi/9.3.1/thumb/v7e-m+fp/hard\libgcc.a

.debug_info     0x0000000000000000     0x4511
 .debug_info    0x0000000000000000      0x516 Src/adc.o
 .debug_info    0x0000000000000516      0xfd7 Src/circular_buffer.o
 .debug_info    0x00000000000014ed      0x8b1 Src/esp82xx_driver.o
 .debug_info    0x0000000000001d9e      0xe6e Src/esp82xx_lib.o
 .debug_info    0x0000000000002c0c      0x49c Src/hardware_modules.o
 .debug_info    0x00000000000030a8      0xa22 Src/main.o
 .debug_info    0x0000000000003aca      0xa25 Src/sysmem.o
 .debug_info    0x00000000000044ef       0x22 Startup/startup_stm32f411retx.o

.debug_abbrev   0x0000000000000000      0xe03
 .debug_abbrev  0x0000000000000000      0x129 Src/adc.o
 .debug_abbrev  0x0000000000000129      0x36f Src/circular_buffer.o
 .debug_abbrev  0x0000000000000498      0x210 Src/esp82xx_driver.o
 .debug_abbrev  0x00000000000006a8      0x300 Src/esp82xx_lib.o
 .debug_abbrev  0x00000000000009a8       0xdc Src/hardware_modules.o
 .debug_abbrev  0x0000000000000a84      0x1ae Src/main.o
 .debug_abbrev  0x0000000000000c32      0x1bf Src/sysmem.o
 .debug_abbrev  0x0000000000000df1       0x12 Startup/startup_stm32f411retx.o

.debug_aranges  0x0000000000000000      0x2b0
 .debug_aranges
                0x0000000000000000       0x30 Src/adc.o
 .debug_aranges
                0x0000000000000030       0x98 Src/circular_buffer.o
 .debug_aranges
                0x00000000000000c8       0x60 Src/esp82xx_driver.o
 .debug_aranges
                0x0000000000000128       0xa8 Src/esp82xx_lib.o
 .debug_aranges
                0x00000000000001d0       0x78 Src/hardware_modules.o
 .debug_aranges
                0x0000000000000248       0x20 Src/main.o
 .debug_aranges
                0x0000000000000268       0x20 Src/sysmem.o
 .debug_aranges
                0x0000000000000288       0x28 Startup/startup_stm32f411retx.o

.debug_ranges   0x0000000000000000      0x238
 .debug_ranges  0x0000000000000000       0x20 Src/adc.o
 .debug_ranges  0x0000000000000020       0x88 Src/circular_buffer.o
 .debug_ranges  0x00000000000000a8       0x50 Src/esp82xx_driver.o
 .debug_ranges  0x00000000000000f8       0x98 Src/esp82xx_lib.o
 .debug_ranges  0x0000000000000190       0x68 Src/hardware_modules.o
 .debug_ranges  0x00000000000001f8       0x10 Src/main.o
 .debug_ranges  0x0000000000000208       0x10 Src/sysmem.o
 .debug_ranges  0x0000000000000218       0x20 Startup/startup_stm32f411retx.o

.debug_macro    0x0000000000000000     0xf812
 .debug_macro   0x0000000000000000      0x108 Src/adc.o
 .debug_macro   0x0000000000000108      0xab4 Src/adc.o
 .debug_macro   0x0000000000000bbc       0x28 Src/adc.o
 .debug_macro   0x0000000000000be4       0x28 Src/adc.o
 .debug_macro   0x0000000000000c0c       0x22 Src/adc.o
 .debug_macro   0x0000000000000c2e       0x8e Src/adc.o
 .debug_macro   0x0000000000000cbc       0x51 Src/adc.o
 .debug_macro   0x0000000000000d0d      0x103 Src/adc.o
 .debug_macro   0x0000000000000e10       0x6a Src/adc.o
 .debug_macro   0x0000000000000e7a      0x1df Src/adc.o
 .debug_macro   0x0000000000001059       0x1c Src/adc.o
 .debug_macro   0x0000000000001075       0x22 Src/adc.o
 .debug_macro   0x0000000000001097       0xdf Src/adc.o
 .debug_macro   0x0000000000001176     0x102d Src/adc.o
 .debug_macro   0x00000000000021a3      0x11f Src/adc.o
 .debug_macro   0x00000000000022c2     0xb937 Src/adc.o
 .debug_macro   0x000000000000dbf9       0x43 Src/adc.o
 .debug_macro   0x000000000000dc3c      0x1c2 Src/circular_buffer.o
 .debug_macro   0x000000000000ddfe       0x4c Src/circular_buffer.o
 .debug_macro   0x000000000000de4a       0x18 Src/circular_buffer.o
 .debug_macro   0x000000000000de62       0x94 Src/circular_buffer.o
 .debug_macro   0x000000000000def6       0x3c Src/circular_buffer.o
 .debug_macro   0x000000000000df32       0x34 Src/circular_buffer.o
 .debug_macro   0x000000000000df66      0x174 Src/circular_buffer.o
 .debug_macro   0x000000000000e0da       0x16 Src/circular_buffer.o
 .debug_macro   0x000000000000e0f0       0x43 Src/circular_buffer.o
 .debug_macro   0x000000000000e133       0x57 Src/circular_buffer.o
 .debug_macro   0x000000000000e18a       0x34 Src/circular_buffer.o
 .debug_macro   0x000000000000e1be       0x10 Src/circular_buffer.o
 .debug_macro   0x000000000000e1ce       0x58 Src/circular_buffer.o
 .debug_macro   0x000000000000e226       0x71 Src/circular_buffer.o
 .debug_macro   0x000000000000e297       0x1c Src/circular_buffer.o
 .debug_macro   0x000000000000e2b3      0x12a Src/circular_buffer.o
 .debug_macro   0x000000000000e3dd      0x339 Src/circular_buffer.o
 .debug_macro   0x000000000000e716       0x10 Src/circular_buffer.o
 .debug_macro   0x000000000000e726       0x35 Src/circular_buffer.o
 .debug_macro   0x000000000000e75b       0x20 Src/circular_buffer.o
 .debug_macro   0x000000000000e77b       0xd9 Src/circular_buffer.o
 .debug_macro   0x000000000000e854       0x10 Src/circular_buffer.o
 .debug_macro   0x000000000000e864      0x131 Src/esp82xx_driver.o
 .debug_macro   0x000000000000e995       0x10 Src/esp82xx_driver.o
 .debug_macro   0x000000000000e9a5      0x27e Src/esp82xx_lib.o
 .debug_macro   0x000000000000ec23       0x16 Src/esp82xx_lib.o
 .debug_macro   0x000000000000ec39       0x97 Src/esp82xx_lib.o
 .debug_macro   0x000000000000ecd0       0xfd Src/esp82xx_lib.o
 .debug_macro   0x000000000000edcd       0x10 Src/esp82xx_lib.o
 .debug_macro   0x000000000000eddd       0x10 Src/esp82xx_lib.o
 .debug_macro   0x000000000000eded       0x1c Src/esp82xx_lib.o
 .debug_macro   0x000000000000ee09       0x52 Src/esp82xx_lib.o
 .debug_macro   0x000000000000ee5b       0x22 Src/esp82xx_lib.o
 .debug_macro   0x000000000000ee7d       0x10 Src/esp82xx_lib.o
 .debug_macro   0x000000000000ee8d       0x40 Src/esp82xx_lib.o
 .debug_macro   0x000000000000eecd       0xd5 Src/esp82xx_lib.o
 .debug_macro   0x000000000000efa2       0x1c Src/esp82xx_lib.o
 .debug_macro   0x000000000000efbe       0x3d Src/esp82xx_lib.o
 .debug_macro   0x000000000000effb       0x16 Src/esp82xx_lib.o
 .debug_macro   0x000000000000f011      0x145 Src/esp82xx_lib.o
 .debug_macro   0x000000000000f156       0x16 Src/esp82xx_lib.o
 .debug_macro   0x000000000000f16c       0x16 Src/esp82xx_lib.o
 .debug_macro   0x000000000000f182       0xce Src/hardware_modules.o
 .debug_macro   0x000000000000f250      0x272 Src/main.o
 .debug_macro   0x000000000000f4c2       0x16 Src/main.o
 .debug_macro   0x000000000000f4d8       0xff Src/sysmem.o
 .debug_macro   0x000000000000f5d7      0x23b Src/sysmem.o

.debug_line     0x0000000000000000     0x379f
 .debug_line    0x0000000000000000      0x571 Src/adc.o
 .debug_line    0x0000000000000571      0xc1d Src/circular_buffer.o
 .debug_line    0x000000000000118e      0x6d5 Src/esp82xx_driver.o
 .debug_line    0x0000000000001863      0xbfb Src/esp82xx_lib.o
 .debug_line    0x000000000000245e      0x626 Src/hardware_modules.o
 .debug_line    0x0000000000002a84      0x7a4 Src/main.o
 .debug_line    0x0000000000003228      0x4f3 Src/sysmem.o
 .debug_line    0x000000000000371b       0x84 Startup/startup_stm32f411retx.o

.debug_str      0x0000000000000000    0x54b4f
 .debug_str     0x0000000000000000    0x4f756 Src/adc.o
                                      0x4f8d4 (size before relaxing)
 .debug_str     0x000000000004f756     0x36a3 Src/circular_buffer.o
                                      0x52e4c (size before relaxing)
 .debug_str     0x0000000000052df9      0x5a3 Src/esp82xx_driver.o
                                      0x4fdc6 (size before relaxing)
 .debug_str     0x000000000005339c     0x113d Src/esp82xx_lib.o
                                      0x53dad (size before relaxing)
 .debug_str     0x00000000000544d9       0x95 Src/hardware_modules.o
                                      0x4f84c (size before relaxing)
 .debug_str     0x000000000005456e       0x7b Src/main.o
                                      0x53b73 (size before relaxing)
 .debug_str     0x00000000000545e9      0x4e4 Src/sysmem.o
                                       0x62d0 (size before relaxing)
 .debug_str     0x0000000000054acd       0x82 Startup/startup_stm32f411retx.o

.comment        0x0000000000000000       0x53
 .comment       0x0000000000000000       0x53 Src/adc.o
                                         0x54 (size before relaxing)
 .comment       0x0000000000000053       0x54 Src/circular_buffer.o
 .comment       0x0000000000000053       0x54 Src/esp82xx_driver.o
 .comment       0x0000000000000053       0x54 Src/esp82xx_lib.o
 .comment       0x0000000000000053       0x54 Src/hardware_modules.o
 .comment       0x0000000000000053       0x54 Src/main.o
 .comment       0x0000000000000053       0x54 Src/sysmem.o

.debug_frame    0x0000000000000000      0xcdc
 .debug_frame   0x0000000000000000       0x70 Src/adc.o
 .debug_frame   0x0000000000000070      0x264 Src/circular_buffer.o
 .debug_frame   0x00000000000002d4      0x14c Src/esp82xx_driver.o
 .debug_frame   0x0000000000000420      0x260 Src/esp82xx_lib.o
 .debug_frame   0x0000000000000680      0x190 Src/hardware_modules.o
 .debug_frame   0x0000000000000810       0x2c Src/main.o
 .debug_frame   0x000000000000083c       0x34 Src/sysmem.o
 .debug_frame   0x0000000000000870       0x20 c:/st/stm32cubeide_1.6.1/stm32cubeide/plugins/com.st.stm32cube.ide.mcu.externaltools.gnu-tools-for-stm32.9-2020-q2-update.win32_1.5.0.202011040924/tools/bin/../lib/gcc/arm-none-eabi/9.3.1/../../../../arm-none-eabi/lib/thumb/v7e-m+fp/hard\libc_nano.a(lib_a-errno.o)
 .debug_frame   0x0000000000000890       0x2c c:/st/stm32cubeide_1.6.1/stm32cubeide/plugins/com.st.stm32cube.ide.mcu.externaltools.gnu-tools-for-stm32.9-2020-q2-update.win32_1.5.0.202011040924/tools/bin/../lib/gcc/arm-none-eabi/9.3.1/../../../../arm-none-eabi/lib/thumb/v7e-m+fp/hard\libc_nano.a(lib_a-init.o)
 .debug_frame   0x00000000000008bc       0x20 c:/st/stm32cubeide_1.6.1/stm32cubeide/plugins/com.st.stm32cube.ide.mcu.externaltools.gnu-tools-for-stm32.9-2020-q2-update.win32_1.5.0.202011040924/tools/bin/../lib/gcc/arm-none-eabi/9.3.1/../../../../arm-none-eabi/lib/thumb/v7e-m+fp/hard\libc_nano.a(lib_a-memset.o)
 .debug_frame   0x00000000000008dc       0x6c c:/st/stm32cubeide_1.6.1/stm32cubeide/plugins/com.st.stm32cube.ide.mcu.externaltools.gnu-tools-for-stm32.9-2020-q2-update.win32_1.5.0.202011040924/tools/bin/../lib/gcc/arm-none-eabi/9.3.1/../../../../arm-none-eabi/lib/thumb/v7e-m+fp/hard\libc_nano.a(lib_a-sprintf.o)
 .debug_frame   0x0000000000000948       0x28 c:/st/stm32cubeide_1.6.1/stm32cubeide/plugins/com.st.stm32cube.ide.mcu.externaltools.gnu-tools-for-stm32.9-2020-q2-update.win32_1.5.0.202011040924/tools/bin/../lib/gcc/arm-none-eabi/9.3.1/../../../../arm-none-eabi/lib/thumb/v7e-m+fp/hard\libc_nano.a(lib_a-strcat.o)
 .debug_frame   0x0000000000000970       0x90 c:/st/stm32cubeide_1.6.1/stm32cubeide/plugins/com.st.stm32cube.ide.mcu.externaltools.gnu-tools-for-stm32.9-2020-q2-update.win32_1.5.0.202011040924/tools/bin/../lib/gcc/arm-none-eabi/9.3.1/../../../../arm-none-eabi/lib/thumb/v7e-m+fp/hard\libc_nano.a(lib_a-nano-svfprintf.o)
 .debug_frame   0x0000000000000a00       0x60 c:/st/stm32cubeide_1.6.1/stm32cubeide/plugins/com.st.stm32cube.ide.mcu.externaltools.gnu-tools-for-stm32.9-2020-q2-update.win32_1.5.0.202011040924/tools/bin/../lib/gcc/arm-none-eabi/9.3.1/../../../../arm-none-eabi/lib/thumb/v7e-m+fp/hard\libc_nano.a(lib_a-nano-vfprintf_i.o)
 .debug_frame   0x0000000000000a60       0x28 c:/st/stm32cubeide_1.6.1/stm32cubeide/plugins/com.st.stm32cube.ide.mcu.externaltools.gnu-tools-for-stm32.9-2020-q2-update.win32_1.5.0.202011040924/tools/bin/../lib/gcc/arm-none-eabi/9.3.1/../../../../arm-none-eabi/lib/thumb/v7e-m+fp/hard\libc_nano.a(lib_a-memcpy-stub.o)
 .debug_frame   0x0000000000000a88       0x28 c:/st/stm32cubeide_1.6.1/stm32cubeide/plugins/com.st.stm32cube.ide.mcu.externaltools.gnu-tools-for-stm32.9-2020-q2-update.win32_1.5.0.202011040924/tools/bin/../lib/gcc/arm-none-eabi/9.3.1/../../../../arm-none-eabi/lib/thumb/v7e-m+fp/hard\libc_nano.a(lib_a-memmove.o)
 .debug_frame   0x0000000000000ab0       0x38 c:/st/stm32cubeide_1.6.1/stm32cubeide/plugins/com.st.stm32cube.ide.mcu.externaltools.gnu-tools-for-stm32.9-2020-q2-update.win32_1.5.0.202011040924/tools/bin/../lib/gcc/arm-none-eabi/9.3.1/../../../../arm-none-eabi/lib/thumb/v7e-m+fp/hard\libc_nano.a(lib_a-nano-freer.o)
 .debug_frame   0x0000000000000ae8       0x30 c:/st/stm32cubeide_1.6.1/stm32cubeide/plugins/com.st.stm32cube.ide.mcu.externaltools.gnu-tools-for-stm32.9-2020-q2-update.win32_1.5.0.202011040924/tools/bin/../lib/gcc/arm-none-eabi/9.3.1/../../../../arm-none-eabi/lib/thumb/v7e-m+fp/hard\libc_nano.a(lib_a-nano-mallocr.o)
 .debug_frame   0x0000000000000b18       0x3c c:/st/stm32cubeide_1.6.1/stm32cubeide/plugins/com.st.stm32cube.ide.mcu.externaltools.gnu-tools-for-stm32.9-2020-q2-update.win32_1.5.0.202011040924/tools/bin/../lib/gcc/arm-none-eabi/9.3.1/../../../../arm-none-eabi/lib/thumb/v7e-m+fp/hard\libc_nano.a(lib_a-nano-reallocr.o)
 .debug_frame   0x0000000000000b54       0x2c c:/st/stm32cubeide_1.6.1/stm32cubeide/plugins/com.st.stm32cube.ide.mcu.externaltools.gnu-tools-for-stm32.9-2020-q2-update.win32_1.5.0.202011040924/tools/bin/../lib/gcc/arm-none-eabi/9.3.1/../../../../arm-none-eabi/lib/thumb/v7e-m+fp/hard\libc_nano.a(lib_a-sbrkr.o)
 .debug_frame   0x0000000000000b80       0x30 c:/st/stm32cubeide_1.6.1/stm32cubeide/plugins/com.st.stm32cube.ide.mcu.externaltools.gnu-tools-for-stm32.9-2020-q2-update.win32_1.5.0.202011040924/tools/bin/../lib/gcc/arm-none-eabi/9.3.1/../../../../arm-none-eabi/lib/thumb/v7e-m+fp/hard\libc_nano.a(lib_a-mlock.o)
 .debug_frame   0x0000000000000bb0       0x20 c:/st/stm32cubeide_1.6.1/stm32cubeide/plugins/com.st.stm32cube.ide.mcu.externaltools.gnu-tools-for-stm32.9-2020-q2-update.win32_1.5.0.202011040924/tools/bin/../lib/gcc/arm-none-eabi/9.3.1/../../../../arm-none-eabi/lib/thumb/v7e-m+fp/hard\libc_nano.a(lib_a-nano-msizer.o)
 .debug_frame   0x0000000000000bd0       0x5c c:/st/stm32cubeide_1.6.1/stm32cubeide/plugins/com.st.stm32cube.ide.mcu.externaltools.gnu-tools-for-stm32.9-2020-q2-update.win32_1.5.0.202011040924/tools/bin/../lib/gcc/arm-none-eabi/9.3.1/../../../../arm-none-eabi/lib/thumb/v7e-m+fp/hard\libc_nano.a(lib_a-reent.o)
 .debug_frame   0x0000000000000c2c       0xb0 c:/st/stm32cubeide_1.6.1/stm32cubeide/plugins/com.st.stm32cube.ide.mcu.externaltools.gnu-tools-for-stm32.9-2020-q2-update.win32_1.5.0.202011040924/tools/bin/../lib/gcc/arm-none-eabi/9.3.1/../../../../arm-none-eabi/lib/thumb/v7e-m+fp/hard\libc_nano.a(lib_a-lock.o)
