esp82xx_lib.c:144:6:esp82xx_sever_init	16	static
esp82xx_lib.c:157:6:esp82xx_device_init	16	static
esp82xx_lib.c:169:14:esp82xx_reset	8	static
esp82xx_lib.c:185:14:esp82xx_startup_test	8	static
esp82xx_lib.c:203:15:esp82xx_sta_mode	8	static
esp82xx_lib.c:221:15:esp82xx_ap_connect	96	static
esp82xx_lib.c:247:14:esp82xx_get_local_ip	112	static
esp82xx_lib.c:281:14:esp82xx_single_conn_en	8	static
esp82xx_lib.c:297:14:esp82xx_multi_conn_en	8	static
esp82xx_lib.c:315:14:esp82xx_create_tcp_server	8	static
esp82xx_lib.c:333:15:send_server_data	104	static
esp82xx_lib.c:364:6:process_server_data	16	static
esp82xx_lib.c:399:7:server_begin	80	static
esp82xx_lib.c:473:13:buffer_reset	24	static
esp82xx_lib.c:483:6:espxx_thingspeak_send_multi_field	336	static
esp82xx_lib.c:534:6:espxx_thingspeak_send	240	static
esp82xx_lib.c:575:6:USART1_IRQHandler	8	static
esp82xx_lib.c:581:6:USART2_IRQHandler	8	static
